#
# A fatal error has been detected by the Java Runtime Environment:
#
#  EXCEPTION_IN_PAGE_ERROR (0xc0000006) at pc=0x00007ff92620b766, pid=16000, tid=30840
#
# JRE version: OpenJDK Runtime Environment Temurin-17.0.17+10 (17.0.17+10) (build 17.0.17+10)
# Java VM: OpenJDK 64-Bit Server VM Temurin-17.0.17+10 (17.0.17+10, mixed mode, sharing, tiered, compressed oops, compressed class ptrs, g1 gc, windows-amd64)
# Problematic frame:
# C  [sqlite-3.40.0.0-37774bba-359b-4443-b675-cee8118408b4-sqlitejdbc.dll+0xb766]
#
# No core dump will be written. Minidumps are not enabled by default on client versions of Windows
#
# If you would like to submit a bug report, please visit:
#   https://github.com/adoptium/adoptium-support/issues
# The crash happened outside the Java Virtual Machine in native code.
# See problematic frame for where to report the bug.
#

---------------  S U M M A R Y ------------

Command Line: --module-path=C:\Users\Ngn\.m2\repository\org\openjfx\javafx-base\21\javafx-base-21-win.jar;C:\Users\Ngn\.m2\repository\org\openjfx\javafx-base\21\javafx-base-21.jar;C:\Users\Ngn\.m2\repository\org\openjfx\javafx-controls\21\javafx-controls-21-win.jar;C:\Users\Ngn\.m2\repository\org\openjfx\javafx-controls\21\javafx-controls-21.jar;C:\Users\Ngn\.m2\repository\org\openjfx\javafx-fxml\21\javafx-fxml-21-win.jar;C:\Users\Ngn\.m2\repository\org\openjfx\javafx-fxml\21\javafx-fxml-21.jar;C:\Users\Ngn\.m2\repository\org\openjfx\javafx-graphics\21\javafx-graphics-21-win.jar;C:\Users\Ngn\.m2\repository\org\openjfx\javafx-graphics\21\javafx-graphics-21.jar;C:\Users\Ngn\.m2\repository\org\openjfx\javafx-media\21\javafx-media-21-win.jar;C:\Users\Ngn\.m2\repository\org\openjfx\javafx-media\21\javafx-media-21.jar;C:\Users\Ngn\.m2\repository\org\openjfx\javafx-swing\21\javafx-swing-21-win.jar;C:\Users\Ngn\.m2\repository\org\openjfx\javafx-swing\21\javafx-swing-21.jar;C:\Users\Ngn\.m2\repository\org\openjfx\javafx-web\21\javafx-web-21-win.jar;C:\Users\Ngn\.m2\repository\org\openjfx\javafx-web\21\javafx-web-21.jar --add-modules=javafx.base,javafx.controls,javafx.fxml,javafx.graphics,javafx.media,javafx.swing,javafx.web com.amitron.quoteapp.App

Host: 12th Gen Intel(R) Core(TM) i7-12700, 20 cores, 31G,  Windows 10 , 64 bit Build 19041 (10.0.19041.5915)
Time: Fri Apr 17 20:23:14 2026 Central Daylight Time elapsed time: 1.187563 seconds (0d 0h 0m 1s)

---------------  T H R E A D  ---------------

Current thread (0x000001f965e7a3d0):  JavaThread "pool-2-thread-1" [_thread_in_native, id=30840, stack(0x00000022ba800000,0x00000022ba900000)]

Stack: [0x00000022ba800000,0x00000022ba900000],  sp=0x00000022ba8fcdd0,  free space=1011k
Native frames: (J=compiled Java code, j=interpreted, Vv=VM code, C=native code)
C  [sqlite-3.40.0.0-37774bba-359b-4443-b675-cee8118408b4-sqlitejdbc.dll+0xb766]

Java frames: (J=compiled Java code, j=interpreted, Vv=VM code)
j  org.sqlite.core.NativeDB.prepare_utf8([B)J+0
j  org.sqlite.core.NativeDB.prepare(Ljava/lang/String;)Lorg/sqlite/core/SafeStmtPtr;+46
j  org.sqlite.core.DB.prepare(Lorg/sqlite/core/CoreStatement;)V+36
j  org.sqlite.core.CorePreparedStatement.<init>(Lorg/sqlite/SQLiteConnection;Ljava/lang/String;)V+17
j  org.sqlite.jdbc3.JDBC3PreparedStatement.<init>(Lorg/sqlite/SQLiteConnection;Ljava/lang/String;)V+3
j  org.sqlite.jdbc4.JDBC4PreparedStatement.<init>(Lorg/sqlite/SQLiteConnection;Ljava/lang/String;)V+3
j  org.sqlite.jdbc4.JDBC4Connection.prepareStatement(Ljava/lang/String;III)Ljava/sql/PreparedStatement;+18
j  org.sqlite.jdbc3.JDBC3Connection.prepareStatement(Ljava/lang/String;II)Ljava/sql/PreparedStatement;+5
j  org.sqlite.jdbc3.JDBC3Connection.prepareStatement(Ljava/lang/String;)Ljava/sql/PreparedStatement;+8
j  com.amitron.quoteapp.repository.I8JobSubmitRepository.getProgressFromDb(I)Lcom/amitron/quoteapp/constants/I8Progress;+11
j  com.amitron.quoteapp.utils.I8JobSubmitUtils.updateRunningJobStatuses()Z+57
j  com.amitron.quoteapp.App.lambda$start$1()V+3
j  com.amitron.quoteapp.App$$Lambda$661+0x000001f91b2d4440.run()V+4
j  java.util.concurrent.Executors$RunnableAdapter.call()Ljava/lang/Object;+4 java.base@17.0.17
j  java.util.concurrent.FutureTask.runAndReset()Z+44 java.base@17.0.17
j  java.util.concurrent.ScheduledThreadPoolExecutor$ScheduledFutureTask.run()V+35 java.base@17.0.17
j  java.util.concurrent.ThreadPoolExecutor.runWorker(Ljava/util/concurrent/ThreadPoolExecutor$Worker;)V+92 java.base@17.0.17
j  java.util.concurrent.ThreadPoolExecutor$Worker.run()V+5 java.base@17.0.17
j  java.lang.Thread.run()V+11 java.base@17.0.17
v  ~StubRoutines::call_stub

siginfo: EXCEPTION_IN_PAGE_ERROR (0xc0000006), reading address 0x000001f969480000


Registers:
RAX=0x000001f969ced9c8, RBX=0x000001f919c28e78, RCX=0x000000000000000c, RDX=0x00000022ba8fd0f0
RSP=0x00000022ba8fcdd0, RBP=0x00000022ba8fce10, RSI=0x000001f969480000, RDI=0x00000022ba8fce10
R8 =0x00000022ba8fccd8, R9 =0x0000000000008000, R10=0x0000000000000000, R11=0x0000000000000246
R12=0x000001f969480000, R13=0x00000022ba8fd0f0, R14=0x000001f919c28e78, R15=0x000001f919c29328
RIP=0x00007ff92620b766, EFLAGS=0x0000000000010202

XMM[0]=0x0000000000000000 0x0000000000000000
XMM[1]=0x0000000000000000 0x0000000000000000
XMM[2]=0x0000000000000000 0x0000000000000000
XMM[3]=0x0000000000000000 0x0000000000000000
XMM[4]=0x0000000000000000 0x0000000000000000
XMM[5]=0x0000000000000000 0x0000000000000000
XMM[6]=0x0000000000000000 0x0000000000000000
XMM[7]=0x0000000000000000 0x0000000000000000
XMM[8]=0x0000000000000000 0x0000000000000000
XMM[9]=0x0000000000000000 0x0000000000000000
XMM[10]=0x0000000000000000 0x0000000000000000
XMM[11]=0x0000000000000000 0x0000000000000000
XMM[12]=0x0000000000000000 0x0000000000000000
XMM[13]=0x0000000000000000 0x0000000000000000
XMM[14]=0x0000000000000000 0x0000000000000000
XMM[15]=0x0000000000000000 0x0000000000000000
  MXCSR=0x00001f80


Register to memory mapping:

RIP=0x00007ff92620b766 sqlite-3.40.0.0-37774bba-359b-4443-b675-cee8118408b4-sqlitejdbc.dll
RAX=0x000001f969ced9c8 points into unknown readable memory: 0x000001f969480000 | 00 00 48 69 f9 01 00 00
RBX=0x000001f919c28e78 points into unknown readable memory: 0x00007ff9262b7320 | 20 73 2b 26 f9 7f 00 00
RCX=0x000000000000000c is an unknown value
RDX=0x00000022ba8fd0f0 is pointing into the stack for thread: 0x000001f965e7a3d0
RSP=0x00000022ba8fcdd0 is pointing into the stack for thread: 0x000001f965e7a3d0
RBP=0x00000022ba8fce10 is pointing into the stack for thread: 0x000001f965e7a3d0
RSI=0x000001f969480000 points into unknown readable memory: 0x0000000000000000 | 00 00 00 00 00 00 00 00
RDI=0x00000022ba8fce10 is pointing into the stack for thread: 0x000001f965e7a3d0
R8 =0x00000022ba8fccd8 is pointing into the stack for thread: 0x000001f965e7a3d0
R9 =0x0000000000008000 is an unknown value
R10=0x0 is NULL
R11=0x0000000000000246 is an unknown value
R12=0x000001f969480000 points into unknown readable memory: 0x0000000000000000 | 00 00 00 00 00 00 00 00
R13=0x00000022ba8fd0f0 is pointing into the stack for thread: 0x000001f965e7a3d0
R14=0x000001f919c28e78 points into unknown readable memory: 0x00007ff9262b7320 | 20 73 2b 26 f9 7f 00 00
R15=0x000001f919c29328 points into unknown readable memory: 0x000001f919c29748 | 48 97 c2 19 f9 01 00 00


Top of Stack: (sp=0x00000022ba8fcdd0)
0x00000022ba8fcdd0:   0000000000008000 0000000000000000
0x00000022ba8fcde0:   0000000000000000 000001f900008000
0x00000022ba8fcdf0:   000001f919c28f78 0000000000008000
0x00000022ba8fce00:   0000000000000000 000001f919c28e78
0x00000022ba8fce10:   0000000000000000 000001f969ced9c8
0x00000022ba8fce20:   00000022ba8fcf48 0000000000000000
0x00000022ba8fce30:   000001f919c29748 000001f919c28e78
0x00000022ba8fce40:   000001f919c29328 00007ff92621b142
0x00000022ba8fce50:   0000000000000001 000001f919bffb08
0x00000022ba8fce60:   0000000000000000 0000000500000000
0x00000022ba8fce70:   000001f969ced9c8 00000022ba8fd0f0
0x00000022ba8fce80:   00000022ba8fcf48 000001f919c28de0
0x00000022ba8fce90:   000001f919c27d60 0000000000000000
0x00000022ba8fcea0:   000001f919c29748 00007ff92623bb4b
0x00000022ba8fceb0:   0000480f0760037e 00007ff92620b26e
0x00000022ba8fcec0:   0000000000000004 0000000000000000
0x00000022ba8fced0:   00007ff9262b76f0 000001f919c29c28
0x00000022ba8fcee0:   0000000019c29c20 00007ff9930f47b1
0x00000022ba8fcef0:   00007ff9262b7320 000001f969ce0000
0x00000022ba8fcf00:   00007ff9262b7320 0000000000000000
0x00000022ba8fcf10:   0000000000000000 000001f919c28f08
0x00000022ba8fcf20:   0000000000000a1c 00007ff9916e9c9c
0x00000022ba8fcf30:   000001f919c28f08 000001f919c29a7d
0x00000022ba8fcf40:   0000000000000000 000001f969480000
0x00000022ba8fcf50:   000001f919c29c28 00007ff92625ba7a
0x00000022ba8fcf60:   00000022ba8fcfb8 000001f919c28f08
0x00000022ba8fcf70:   00000022ba8fcfc0 000001f919c29a7d
0x00000022ba8fcf80:   0000000000000004 00000022ba8fd0f0
0x00000022ba8fcf90:   0000000000000000 000001f919c28de0
0x00000022ba8fcfa0:   000001f919c27d60 000001f919c28e78
0x00000022ba8fcfb0:   000001f919c29748 000001f919c28e78
0x00000022ba8fcfc0:   000001f919c29328 00007ff92623c175 

Instructions: (pc=0x00007ff92620b766)
0x00007ff92620b666:   08 00 00 00 00 48 c7 46 10 00 00 00 00 48 83 c4
0x00007ff92620b676:   48 5b 5e 41 5c 41 5d c3 48 85 c9 74 29 48 8b 41
0x00007ff92620b686:   28 48 8b 51 08 8b 80 88 00 00 00 0f c8 ff c0 0f
0x00007ff92620b696:   c8 89 42 18 48 8b 51 08 89 42 5c 48 8b 41 08 c7
0x00007ff92620b6a6:   40 60 00 2e 63 00 c3 53 48 83 ec 20 48 8b 41 30
0x00007ff92620b6b6:   48 8b 18 8b 41 68 ff 81 88 00 00 00 0f c8 ff c0
0x00007ff92620b6c6:   c7 41 58 00 00 00 00 0f c8 89 51 6c 89 41 68 e8
0x00007ff92620b6d6:   08 ee ff ff c7 43 60 00 00 00 00 c7 83 80 00 00
0x00007ff92620b6e6:   00 00 00 00 00 c7 43 68 00 00 00 00 c7 43 6c ff
0x00007ff92620b6f6:   ff ff ff c7 43 70 ff ff ff ff c7 43 74 ff ff ff
0x00007ff92620b706:   ff 48 83 c4 20 5b c3 53 48 83 ec 30 49 89 d1 4c
0x00007ff92620b716:   89 c3 48 8d 54 24 2c 41 b8 04 00 00 00 e8 7d 87
0x00007ff92620b726:   ff ff 85 c0 75 08 8b 54 24 2c 0f ca 89 13 48 83
0x00007ff92620b736:   c4 30 5b c3 41 55 41 54 55 57 56 53 48 81 ec a8
0x00007ff92620b746:   00 00 00 48 8b 41 30 4c 8b 20 48 8d 6c 24 40 48
0x00007ff92620b756:   89 cb 4c 89 e6 b9 0c 00 00 00 48 89 ef 49 89 d5
0x00007ff92620b766:   f3 a5 48 89 d9 49 8d 74 24 30 e8 18 9a ff ff 48
0x00007ff92620b776:   8d 54 24 70 b9 0c 00 00 00 41 b8 30 00 00 00 48
0x00007ff92620b786:   89 d7 f3 a5 48 89 e9 e8 ae 72 0a 00 85 c0 74 0a
0x00007ff92620b796:   b8 01 00 00 00 e9 84 00 00 00 80 7c 24 4c 00 74
0x00007ff92620b7a6:   ef 48 8d 44 24 38 45 31 c9 48 89 ea b9 01 00 00
0x00007ff92620b7b6:   00 48 89 44 24 20 41 b8 28 00 00 00 e8 08 99 ff
0x00007ff92620b7c6:   ff 8b 44 24 68 39 44 24 38 75 c5 8b 44 24 6c 39
0x00007ff92620b7d6:   44 24 3c 75 bb 4c 8d 63 48 41 b8 30 00 00 00 48
0x00007ff92620b7e6:   89 ea 4c 89 e1 e8 50 72 0a 00 85 c0 74 30 41 c7
0x00007ff92620b7f6:   45 00 01 00 00 00 b9 0c 00 00 00 4c 89 e7 48 89
0x00007ff92620b806:   ee f3 a5 66 8b 53 56 89 d0 81 e2 00 fe 00 00 c1
0x00007ff92620b816:   e0 10 25 00 00 01 00 09 d0 89 43 38 31 c0 48 81
0x00007ff92620b826:   c4 a8 00 00 00 5b 5e 5f 5d 41 5c 41 5d c3 41 56
0x00007ff92620b836:   41 55 41 54 55 57 56 53 48 83 ec 40 48 8b b4 24
0x00007ff92620b846:   a0 00 00 00 48 89 cb 49 89 d4 4c 89 c5 41 b8 08
0x00007ff92620b856:   00 00 00 48 8d 56 08 48 8d 49 68 4d 89 cd e8 d7 


Stack slot to memory mapping:
stack at sp + 0 slots: 0x0000000000008000 is an unknown value
stack at sp + 1 slots: 0x0 is NULL
stack at sp + 2 slots: 0x0 is NULL
stack at sp + 3 slots: 0x000001f900008000 points into unknown readable memory: 0x0000000000000009 | 09 00 00 00 00 00 00 00
stack at sp + 4 slots: 0x000001f919c28f78 points into unknown readable memory: 0x000001f919c013a8 | a8 13 c0 19 f9 01 00 00
stack at sp + 5 slots: 0x0000000000008000 is an unknown value
stack at sp + 6 slots: 0x0 is NULL
stack at sp + 7 slots: 0x000001f919c28e78 points into unknown readable memory: 0x00007ff9262b7320 | 20 73 2b 26 f9 7f 00 00


---------------  P R O C E S S  ---------------

Threads class SMR info:
_java_thread_list=0x000001f9806ed250, length=30, elements={
0x000001f96bcd3900, 0x000001f97f469520, 0x000001f97f46a3a0, 0x000001f9194c4e30,
0x000001f9194c59f0, 0x000001f9194c84c0, 0x000001f9194c8e80, 0x000001f9194ca180,
0x000001f9194cab80, 0x000001f9194de2f0, 0x000001f9195690a0, 0x000001f97f452640,
0x000001f91964ce60, 0x000001f91964d380, 0x000001f91977fff0, 0x000001f919780510,
0x000001f919780a30, 0x000001f919780f50, 0x000001f95f01a060, 0x000001f95f665180,
0x000001f95fbec1a0, 0x000001f95fcbb8d0, 0x000001f9601a23f0, 0x000001f9602f1620,
0x000001f965e78060, 0x000001f9662635c0, 0x000001f966263070, 0x000001f965e7a3d0,
0x000001f965e79ec0, 0x000001f965e77130
}

Java Threads: ( => current thread )
  0x000001f96bcd3900 JavaThread "main" [_thread_blocked, id=28964, stack(0x00000022b6000000,0x00000022b6100000)]
  0x000001f97f469520 JavaThread "Reference Handler" daemon [_thread_blocked, id=21036, stack(0x00000022b6700000,0x00000022b6800000)]
  0x000001f97f46a3a0 JavaThread "Finalizer" daemon [_thread_blocked, id=856, stack(0x00000022b6800000,0x00000022b6900000)]
  0x000001f9194c4e30 JavaThread "Signal Dispatcher" daemon [_thread_blocked, id=30764, stack(0x00000022b6900000,0x00000022b6a00000)]
  0x000001f9194c59f0 JavaThread "Attach Listener" daemon [_thread_blocked, id=6280, stack(0x00000022b6a00000,0x00000022b6b00000)]
  0x000001f9194c84c0 JavaThread "Service Thread" daemon [_thread_blocked, id=12856, stack(0x00000022b6b00000,0x00000022b6c00000)]
  0x000001f9194c8e80 JavaThread "Monitor Deflation Thread" daemon [_thread_blocked, id=22860, stack(0x00000022b6c00000,0x00000022b6d00000)]
  0x000001f9194ca180 JavaThread "C2 CompilerThread0" daemon [_thread_in_native, id=26944, stack(0x00000022b6d00000,0x00000022b6e00000)]
  0x000001f9194cab80 JavaThread "C1 CompilerThread0" daemon [_thread_blocked, id=22736, stack(0x00000022b6e00000,0x00000022b6f00000)]
  0x000001f9194de2f0 JavaThread "Sweeper thread" daemon [_thread_blocked, id=6856, stack(0x00000022b6f00000,0x00000022b7000000)]
  0x000001f9195690a0 JavaThread "C1 CompilerThread1" daemon [_thread_blocked, id=27748, stack(0x00000022b7000000,0x00000022b7100000)]
  0x000001f97f452640 JavaThread "Common-Cleaner" daemon [_thread_blocked, id=26020, stack(0x00000022b7100000,0x00000022b7200000)]
  0x000001f91964ce60 JavaThread "C1 CompilerThread2" daemon [_thread_blocked, id=3780, stack(0x00000022b7200000,0x00000022b7300000)]
  0x000001f91964d380 JavaThread "C1 CompilerThread3" daemon [_thread_blocked, id=23988, stack(0x00000022b7300000,0x00000022b7400000)]
  0x000001f91977fff0 JavaThread "C2 CompilerThread1" daemon [_thread_blocked, id=22588, stack(0x00000022b7400000,0x00000022b7500000)]
  0x000001f919780510 JavaThread "C2 CompilerThread2" daemon [_thread_blocked, id=27932, stack(0x00000022b7500000,0x00000022b7600000)]
  0x000001f919780a30 JavaThread "C2 CompilerThread3" daemon [_thread_blocked, id=28892, stack(0x00000022b7600000,0x00000022b7700000)]
  0x000001f919780f50 JavaThread "C2 CompilerThread4" daemon [_thread_blocked, id=29120, stack(0x00000022b7700000,0x00000022b7800000)]
  0x000001f95f01a060 JavaThread "Notification Thread" daemon [_thread_blocked, id=10376, stack(0x00000022b7900000,0x00000022b7a00000)]
  0x000001f95f665180 JavaThread "QuantumRenderer-0" daemon [_thread_blocked, id=31540, stack(0x00000022b7b00000,0x00000022b7c00000)]
  0x000001f95fbec1a0 JavaThread "InvokeLaterDispatcher" daemon [_thread_blocked, id=15064, stack(0x00000022b7c00000,0x00000022b7d00000)]
  0x000001f95fcbb8d0 JavaThread "JavaFX Application Thread" [_thread_in_native, id=4360, stack(0x00000022b7d00000,0x00000022b7e00000)]
  0x000001f9601a23f0 JavaThread "JavaFX-Launcher" [_thread_blocked, id=16212, stack(0x00000022b9500000,0x00000022b9600000)]
  0x000001f9602f1620 JavaThread "Thread-2" daemon [_thread_in_native, id=23760, stack(0x00000022b9400000,0x00000022b9500000)]
  0x000001f965e78060 JavaThread "Prism Font Disposer" daemon [_thread_blocked, id=30024, stack(0x00000022ba400000,0x00000022ba500000)]
  0x000001f9662635c0 JavaThread "C2 CompilerThread5" daemon [_thread_blocked, id=30584, stack(0x00000022ba600000,0x00000022ba700000)]
  0x000001f966263070 JavaThread "C2 CompilerThread6" daemon [_thread_blocked, id=23356, stack(0x00000022ba700000,0x00000022ba800000)]
=>0x000001f965e7a3d0 JavaThread "pool-2-thread-1" [_thread_in_native, id=30840, stack(0x00000022ba800000,0x00000022ba900000)]
  0x000001f965e79ec0 JavaThread "Keep-Alive-Timer" daemon [_thread_blocked, id=24540, stack(0x00000022ba900000,0x00000022baa00000)]
  0x000001f965e77130 JavaThread "Cleaner-0" daemon [_thread_blocked, id=6940, stack(0x00000022baa00000,0x00000022bab00000)]

Other Threads:
  0x000001f97f464e80 VMThread "VM Thread" [stack: 0x00000022b6600000,0x00000022b6700000] [id=4132]
  0x000001f96bcd48c0 WatcherThread [stack: 0x00000022b7a00000,0x00000022b7b00000] [id=9460]
  0x000001f96bd80500 GCTaskThread "GC Thread#0" [stack: 0x00000022b6100000,0x00000022b6200000] [id=21756]
  0x000001f9602cc5c0 GCTaskThread "GC Thread#1" [stack: 0x00000022b9600000,0x00000022b9700000] [id=4308]
  0x000001f9601bcc20 GCTaskThread "GC Thread#2" [stack: 0x00000022b9700000,0x00000022b9800000] [id=13708]
  0x000001f960290050 GCTaskThread "GC Thread#3" [stack: 0x00000022b9800000,0x00000022b9900000] [id=29496]
  0x000001f96029d0a0 GCTaskThread "GC Thread#4" [stack: 0x00000022b9900000,0x00000022b9a00000] [id=15636]
  0x000001f96029e960 GCTaskThread "GC Thread#5" [stack: 0x00000022b9a00000,0x00000022b9b00000] [id=30424]
  0x000001f96029e120 GCTaskThread "GC Thread#6" [stack: 0x00000022b9b00000,0x00000022b9c00000] [id=5808]
  0x000001f96029e3e0 GCTaskThread "GC Thread#7" [stack: 0x00000022b9c00000,0x00000022b9d00000] [id=20112]
  0x000001f96029de60 GCTaskThread "GC Thread#8" [stack: 0x00000022b9d00000,0x00000022b9e00000] [id=8528]
  0x000001f96029cde0 GCTaskThread "GC Thread#9" [stack: 0x00000022b9e00000,0x00000022b9f00000] [id=22404]
  0x000001f96029d360 GCTaskThread "GC Thread#10" [stack: 0x00000022b9f00000,0x00000022ba000000] [id=31104]
  0x000001f96029e6a0 GCTaskThread "GC Thread#11" [stack: 0x00000022ba000000,0x00000022ba100000] [id=24860]
  0x000001f9666a5200 GCTaskThread "GC Thread#12" [stack: 0x00000022ba500000,0x00000022ba600000] [id=29792]
  0x000001f97f273ff0 ConcurrentGCThread "G1 Main Marker" [stack: 0x00000022b6200000,0x00000022b6300000] [id=3804]
  0x000001f97f274a10 ConcurrentGCThread "G1 Conc#0" [stack: 0x00000022b6300000,0x00000022b6400000] [id=14200]
  0x000001f97f39cdb0 ConcurrentGCThread "G1 Refine#0" [stack: 0x00000022b6400000,0x00000022b6500000] [id=9284]
  0x000001f97f39d7e0 ConcurrentGCThread "G1 Service" [stack: 0x00000022b6500000,0x00000022b6600000] [id=30572]

Threads with active compile tasks:
C2 CompilerThread0  1232 3489   !   4       javafx.scene.CssStyleHelper::transitionToState (1039 bytes)

VM state: not at safepoint (normal execution)

VM Mutex/Monitor currently owned by a thread: None

Heap address: 0x0000000604c00000, size: 8116 MB, Compressed Oops mode: Zero based, Oop shift amount: 3

CDS archive(s) mapped at: [0x000001f91a000000-0x000001f91abb0000-0x000001f91abb0000), size 12255232, SharedBaseAddress: 0x000001f91a000000, ArchiveRelocationMode: 1.
Compressed class space mapped at: 0x000001f91b000000-0x000001f95b000000, reserved size: 1073741824
Narrow klass base: 0x000001f91a000000, Narrow klass shift: 0, Narrow klass range: 0x100000000

GC Precious Log:
 CPUs: 20 total, 20 available
 Memory: 32456M
 Large Page Support: Disabled
 NUMA Support: Disabled
 Compressed Oops: Enabled (Zero based)
 Heap Region Size: 4M
 Heap Min Capacity: 8M
 Heap Initial Capacity: 508M
 Heap Max Capacity: 8116M
 Pre-touch: Disabled
 Parallel Workers: 15
 Concurrent Workers: 4
 Concurrent Refinement Workers: 15
 Periodic GC: Disabled

Heap:
 garbage-first heap   total 520192K, used 49166K [0x0000000604c00000, 0x0000000800000000)
  region size 4096K, 13 young (53248K), 2 survivors (8192K)
 Metaspace       used 20473K, committed 20736K, reserved 1114112K
  class space    used 2959K, committed 3072K, reserved 1048576K

Heap Regions: E=young(eden), S=young(survivor), O=old, HS=humongous(starts), HC=humongous(continues), CS=collection set, F=free, OA=open archive, CA=closed archive, TAMS=top-at-mark-start (previous, next)
|   0|0x0000000604c00000, 0x0000000604c03a00, 0x0000000605000000|  0%| O|  |TAMS 0x0000000604c00000, 0x0000000604c00000| Untracked 
|   1|0x0000000605000000, 0x0000000605000000, 0x0000000605400000|  0%| F|  |TAMS 0x0000000605000000, 0x0000000605000000| Untracked 
|   2|0x0000000605400000, 0x0000000605400000, 0x0000000605800000|  0%| F|  |TAMS 0x0000000605400000, 0x0000000605400000| Untracked 
|   3|0x0000000605800000, 0x0000000605800000, 0x0000000605c00000|  0%| F|  |TAMS 0x0000000605800000, 0x0000000605800000| Untracked 
|   4|0x0000000605c00000, 0x0000000605c00000, 0x0000000606000000|  0%| F|  |TAMS 0x0000000605c00000, 0x0000000605c00000| Untracked 
|   5|0x0000000606000000, 0x0000000606000000, 0x0000000606400000|  0%| F|  |TAMS 0x0000000606000000, 0x0000000606000000| Untracked 
|   6|0x0000000606400000, 0x0000000606400000, 0x0000000606800000|  0%| F|  |TAMS 0x0000000606400000, 0x0000000606400000| Untracked 
|   7|0x0000000606800000, 0x0000000606800000, 0x0000000606c00000|  0%| F|  |TAMS 0x0000000606800000, 0x0000000606800000| Untracked 
|   8|0x0000000606c00000, 0x0000000606c00000, 0x0000000607000000|  0%| F|  |TAMS 0x0000000606c00000, 0x0000000606c00000| Untracked 
|   9|0x0000000607000000, 0x0000000607000000, 0x0000000607400000|  0%| F|  |TAMS 0x0000000607000000, 0x0000000607000000| Untracked 
|  10|0x0000000607400000, 0x0000000607400000, 0x0000000607800000|  0%| F|  |TAMS 0x0000000607400000, 0x0000000607400000| Untracked 
|  11|0x0000000607800000, 0x0000000607800000, 0x0000000607c00000|  0%| F|  |TAMS 0x0000000607800000, 0x0000000607800000| Untracked 
|  12|0x0000000607c00000, 0x0000000607c00000, 0x0000000608000000|  0%| F|  |TAMS 0x0000000607c00000, 0x0000000607c00000| Untracked 
|  13|0x0000000608000000, 0x0000000608000000, 0x0000000608400000|  0%| F|  |TAMS 0x0000000608000000, 0x0000000608000000| Untracked 
|  14|0x0000000608400000, 0x0000000608400000, 0x0000000608800000|  0%| F|  |TAMS 0x0000000608400000, 0x0000000608400000| Untracked 
|  15|0x0000000608800000, 0x0000000608800000, 0x0000000608c00000|  0%| F|  |TAMS 0x0000000608800000, 0x0000000608800000| Untracked 
|  16|0x0000000608c00000, 0x0000000608c00000, 0x0000000609000000|  0%| F|  |TAMS 0x0000000608c00000, 0x0000000608c00000| Untracked 
|  17|0x0000000609000000, 0x0000000609000000, 0x0000000609400000|  0%| F|  |TAMS 0x0000000609000000, 0x0000000609000000| Untracked 
|  18|0x0000000609400000, 0x0000000609400000, 0x0000000609800000|  0%| F|  |TAMS 0x0000000609400000, 0x0000000609400000| Untracked 
|  19|0x0000000609800000, 0x0000000609800000, 0x0000000609c00000|  0%| F|  |TAMS 0x0000000609800000, 0x0000000609800000| Untracked 
|  20|0x0000000609c00000, 0x0000000609c00000, 0x000000060a000000|  0%| F|  |TAMS 0x0000000609c00000, 0x0000000609c00000| Untracked 
|  21|0x000000060a000000, 0x000000060a000000, 0x000000060a400000|  0%| F|  |TAMS 0x000000060a000000, 0x000000060a000000| Untracked 
|  22|0x000000060a400000, 0x000000060a400000, 0x000000060a800000|  0%| F|  |TAMS 0x000000060a400000, 0x000000060a400000| Untracked 
|  23|0x000000060a800000, 0x000000060a800000, 0x000000060ac00000|  0%| F|  |TAMS 0x000000060a800000, 0x000000060a800000| Untracked 
|  24|0x000000060ac00000, 0x000000060ac00000, 0x000000060b000000|  0%| F|  |TAMS 0x000000060ac00000, 0x000000060ac00000| Untracked 
|  25|0x000000060b000000, 0x000000060b000000, 0x000000060b400000|  0%| F|  |TAMS 0x000000060b000000, 0x000000060b000000| Untracked 
|  26|0x000000060b400000, 0x000000060b400000, 0x000000060b800000|  0%| F|  |TAMS 0x000000060b400000, 0x000000060b400000| Untracked 
|  27|0x000000060b800000, 0x000000060b800000, 0x000000060bc00000|  0%| F|  |TAMS 0x000000060b800000, 0x000000060b800000| Untracked 
|  28|0x000000060bc00000, 0x000000060bc00000, 0x000000060c000000|  0%| F|  |TAMS 0x000000060bc00000, 0x000000060bc00000| Untracked 
|  29|0x000000060c000000, 0x000000060c000000, 0x000000060c400000|  0%| F|  |TAMS 0x000000060c000000, 0x000000060c000000| Untracked 
|  30|0x000000060c400000, 0x000000060c400000, 0x000000060c800000|  0%| F|  |TAMS 0x000000060c400000, 0x000000060c400000| Untracked 
|  31|0x000000060c800000, 0x000000060c800000, 0x000000060cc00000|  0%| F|  |TAMS 0x000000060c800000, 0x000000060c800000| Untracked 
|  32|0x000000060cc00000, 0x000000060cc00000, 0x000000060d000000|  0%| F|  |TAMS 0x000000060cc00000, 0x000000060cc00000| Untracked 
|  33|0x000000060d000000, 0x000000060d000000, 0x000000060d400000|  0%| F|  |TAMS 0x000000060d000000, 0x000000060d000000| Untracked 
|  34|0x000000060d400000, 0x000000060d400000, 0x000000060d800000|  0%| F|  |TAMS 0x000000060d400000, 0x000000060d400000| Untracked 
|  35|0x000000060d800000, 0x000000060d800000, 0x000000060dc00000|  0%| F|  |TAMS 0x000000060d800000, 0x000000060d800000| Untracked 
|  36|0x000000060dc00000, 0x000000060dc00000, 0x000000060e000000|  0%| F|  |TAMS 0x000000060dc00000, 0x000000060dc00000| Untracked 
|  37|0x000000060e000000, 0x000000060e000000, 0x000000060e400000|  0%| F|  |TAMS 0x000000060e000000, 0x000000060e000000| Untracked 
|  38|0x000000060e400000, 0x000000060e400000, 0x000000060e800000|  0%| F|  |TAMS 0x000000060e400000, 0x000000060e400000| Untracked 
|  39|0x000000060e800000, 0x000000060e800000, 0x000000060ec00000|  0%| F|  |TAMS 0x000000060e800000, 0x000000060e800000| Untracked 
|  40|0x000000060ec00000, 0x000000060ec00000, 0x000000060f000000|  0%| F|  |TAMS 0x000000060ec00000, 0x000000060ec00000| Untracked 
|  41|0x000000060f000000, 0x000000060f000000, 0x000000060f400000|  0%| F|  |TAMS 0x000000060f000000, 0x000000060f000000| Untracked 
|  42|0x000000060f400000, 0x000000060f400000, 0x000000060f800000|  0%| F|  |TAMS 0x000000060f400000, 0x000000060f400000| Untracked 
|  43|0x000000060f800000, 0x000000060f800000, 0x000000060fc00000|  0%| F|  |TAMS 0x000000060f800000, 0x000000060f800000| Untracked 
|  44|0x000000060fc00000, 0x000000060fc00000, 0x0000000610000000|  0%| F|  |TAMS 0x000000060fc00000, 0x000000060fc00000| Untracked 
|  45|0x0000000610000000, 0x0000000610000000, 0x0000000610400000|  0%| F|  |TAMS 0x0000000610000000, 0x0000000610000000| Untracked 
|  46|0x0000000610400000, 0x0000000610400000, 0x0000000610800000|  0%| F|  |TAMS 0x0000000610400000, 0x0000000610400000| Untracked 
|  47|0x0000000610800000, 0x0000000610800000, 0x0000000610c00000|  0%| F|  |TAMS 0x0000000610800000, 0x0000000610800000| Untracked 
|  48|0x0000000610c00000, 0x0000000610c00000, 0x0000000611000000|  0%| F|  |TAMS 0x0000000610c00000, 0x0000000610c00000| Untracked 
|  49|0x0000000611000000, 0x0000000611000000, 0x0000000611400000|  0%| F|  |TAMS 0x0000000611000000, 0x0000000611000000| Untracked 
|  50|0x0000000611400000, 0x0000000611400000, 0x0000000611800000|  0%| F|  |TAMS 0x0000000611400000, 0x0000000611400000| Untracked 
|  51|0x0000000611800000, 0x0000000611800000, 0x0000000611c00000|  0%| F|  |TAMS 0x0000000611800000, 0x0000000611800000| Untracked 
|  52|0x0000000611c00000, 0x0000000611c00000, 0x0000000612000000|  0%| F|  |TAMS 0x0000000611c00000, 0x0000000611c00000| Untracked 
|  53|0x0000000612000000, 0x0000000612000000, 0x0000000612400000|  0%| F|  |TAMS 0x0000000612000000, 0x0000000612000000| Untracked 
|  54|0x0000000612400000, 0x0000000612400000, 0x0000000612800000|  0%| F|  |TAMS 0x0000000612400000, 0x0000000612400000| Untracked 
|  55|0x0000000612800000, 0x0000000612800000, 0x0000000612c00000|  0%| F|  |TAMS 0x0000000612800000, 0x0000000612800000| Untracked 
|  56|0x0000000612c00000, 0x0000000612c00000, 0x0000000613000000|  0%| F|  |TAMS 0x0000000612c00000, 0x0000000612c00000| Untracked 
|  57|0x0000000613000000, 0x0000000613000000, 0x0000000613400000|  0%| F|  |TAMS 0x0000000613000000, 0x0000000613000000| Untracked 
|  58|0x0000000613400000, 0x0000000613400000, 0x0000000613800000|  0%| F|  |TAMS 0x0000000613400000, 0x0000000613400000| Untracked 
|  59|0x0000000613800000, 0x0000000613800000, 0x0000000613c00000|  0%| F|  |TAMS 0x0000000613800000, 0x0000000613800000| Untracked 
|  60|0x0000000613c00000, 0x0000000613c00000, 0x0000000614000000|  0%| F|  |TAMS 0x0000000613c00000, 0x0000000613c00000| Untracked 
|  61|0x0000000614000000, 0x0000000614000000, 0x0000000614400000|  0%| F|  |TAMS 0x0000000614000000, 0x0000000614000000| Untracked 
|  62|0x0000000614400000, 0x0000000614400000, 0x0000000614800000|  0%| F|  |TAMS 0x0000000614400000, 0x0000000614400000| Untracked 
|  63|0x0000000614800000, 0x0000000614800000, 0x0000000614c00000|  0%| F|  |TAMS 0x0000000614800000, 0x0000000614800000| Untracked 
|  64|0x0000000614c00000, 0x0000000614c00000, 0x0000000615000000|  0%| F|  |TAMS 0x0000000614c00000, 0x0000000614c00000| Untracked 
|  65|0x0000000615000000, 0x0000000615000000, 0x0000000615400000|  0%| F|  |TAMS 0x0000000615000000, 0x0000000615000000| Untracked 
|  66|0x0000000615400000, 0x0000000615400000, 0x0000000615800000|  0%| F|  |TAMS 0x0000000615400000, 0x0000000615400000| Untracked 
|  67|0x0000000615800000, 0x0000000615800000, 0x0000000615c00000|  0%| F|  |TAMS 0x0000000615800000, 0x0000000615800000| Untracked 
|  68|0x0000000615c00000, 0x0000000615c00000, 0x0000000616000000|  0%| F|  |TAMS 0x0000000615c00000, 0x0000000615c00000| Untracked 
|  69|0x0000000616000000, 0x0000000616000000, 0x0000000616400000|  0%| F|  |TAMS 0x0000000616000000, 0x0000000616000000| Untracked 
|  70|0x0000000616400000, 0x0000000616400000, 0x0000000616800000|  0%| F|  |TAMS 0x0000000616400000, 0x0000000616400000| Untracked 
|  71|0x0000000616800000, 0x0000000616800000, 0x0000000616c00000|  0%| F|  |TAMS 0x0000000616800000, 0x0000000616800000| Untracked 
|  72|0x0000000616c00000, 0x0000000616c00000, 0x0000000617000000|  0%| F|  |TAMS 0x0000000616c00000, 0x0000000616c00000| Untracked 
|  73|0x0000000617000000, 0x0000000617000000, 0x0000000617400000|  0%| F|  |TAMS 0x0000000617000000, 0x0000000617000000| Untracked 
|  74|0x0000000617400000, 0x0000000617400000, 0x0000000617800000|  0%| F|  |TAMS 0x0000000617400000, 0x0000000617400000| Untracked 
|  75|0x0000000617800000, 0x0000000617800000, 0x0000000617c00000|  0%| F|  |TAMS 0x0000000617800000, 0x0000000617800000| Untracked 
|  76|0x0000000617c00000, 0x0000000617c00000, 0x0000000618000000|  0%| F|  |TAMS 0x0000000617c00000, 0x0000000617c00000| Untracked 
|  77|0x0000000618000000, 0x0000000618000000, 0x0000000618400000|  0%| F|  |TAMS 0x0000000618000000, 0x0000000618000000| Untracked 
|  78|0x0000000618400000, 0x0000000618400000, 0x0000000618800000|  0%| F|  |TAMS 0x0000000618400000, 0x0000000618400000| Untracked 
|  79|0x0000000618800000, 0x0000000618800000, 0x0000000618c00000|  0%| F|  |TAMS 0x0000000618800000, 0x0000000618800000| Untracked 
|  80|0x0000000618c00000, 0x0000000618c00000, 0x0000000619000000|  0%| F|  |TAMS 0x0000000618c00000, 0x0000000618c00000| Untracked 
|  81|0x0000000619000000, 0x0000000619000000, 0x0000000619400000|  0%| F|  |TAMS 0x0000000619000000, 0x0000000619000000| Untracked 
|  82|0x0000000619400000, 0x0000000619400000, 0x0000000619800000|  0%| F|  |TAMS 0x0000000619400000, 0x0000000619400000| Untracked 
|  83|0x0000000619800000, 0x0000000619800000, 0x0000000619c00000|  0%| F|  |TAMS 0x0000000619800000, 0x0000000619800000| Untracked 
|  84|0x0000000619c00000, 0x0000000619c00000, 0x000000061a000000|  0%| F|  |TAMS 0x0000000619c00000, 0x0000000619c00000| Untracked 
|  85|0x000000061a000000, 0x000000061a000000, 0x000000061a400000|  0%| F|  |TAMS 0x000000061a000000, 0x000000061a000000| Untracked 
|  86|0x000000061a400000, 0x000000061a400000, 0x000000061a800000|  0%| F|  |TAMS 0x000000061a400000, 0x000000061a400000| Untracked 
|  87|0x000000061a800000, 0x000000061a800000, 0x000000061ac00000|  0%| F|  |TAMS 0x000000061a800000, 0x000000061a800000| Untracked 
|  88|0x000000061ac00000, 0x000000061ac00000, 0x000000061b000000|  0%| F|  |TAMS 0x000000061ac00000, 0x000000061ac00000| Untracked 
|  89|0x000000061b000000, 0x000000061b000000, 0x000000061b400000|  0%| F|  |TAMS 0x000000061b000000, 0x000000061b000000| Untracked 
|  90|0x000000061b400000, 0x000000061b400000, 0x000000061b800000|  0%| F|  |TAMS 0x000000061b400000, 0x000000061b400000| Untracked 
|  91|0x000000061b800000, 0x000000061b800000, 0x000000061bc00000|  0%| F|  |TAMS 0x000000061b800000, 0x000000061b800000| Untracked 
|  92|0x000000061bc00000, 0x000000061bc00000, 0x000000061c000000|  0%| F|  |TAMS 0x000000061bc00000, 0x000000061bc00000| Untracked 
|  93|0x000000061c000000, 0x000000061c000000, 0x000000061c400000|  0%| F|  |TAMS 0x000000061c000000, 0x000000061c000000| Untracked 
|  94|0x000000061c400000, 0x000000061c400000, 0x000000061c800000|  0%| F|  |TAMS 0x000000061c400000, 0x000000061c400000| Untracked 
|  95|0x000000061c800000, 0x000000061c800000, 0x000000061cc00000|  0%| F|  |TAMS 0x000000061c800000, 0x000000061c800000| Untracked 
|  96|0x000000061cc00000, 0x000000061cc00000, 0x000000061d000000|  0%| F|  |TAMS 0x000000061cc00000, 0x000000061cc00000| Untracked 
|  97|0x000000061d000000, 0x000000061d000000, 0x000000061d400000|  0%| F|  |TAMS 0x000000061d000000, 0x000000061d000000| Untracked 
|  98|0x000000061d400000, 0x000000061d400000, 0x000000061d800000|  0%| F|  |TAMS 0x000000061d400000, 0x000000061d400000| Untracked 
|  99|0x000000061d800000, 0x000000061d800000, 0x000000061dc00000|  0%| F|  |TAMS 0x000000061d800000, 0x000000061d800000| Untracked 
| 100|0x000000061dc00000, 0x000000061dc00000, 0x000000061e000000|  0%| F|  |TAMS 0x000000061dc00000, 0x000000061dc00000| Untracked 
| 101|0x000000061e000000, 0x000000061e000000, 0x000000061e400000|  0%| F|  |TAMS 0x000000061e000000, 0x000000061e000000| Untracked 
| 102|0x000000061e400000, 0x000000061e400000, 0x000000061e800000|  0%| F|  |TAMS 0x000000061e400000, 0x000000061e400000| Untracked 
| 103|0x000000061e800000, 0x000000061e800000, 0x000000061ec00000|  0%| F|  |TAMS 0x000000061e800000, 0x000000061e800000| Untracked 
| 104|0x000000061ec00000, 0x000000061ec00000, 0x000000061f000000|  0%| F|  |TAMS 0x000000061ec00000, 0x000000061ec00000| Untracked 
| 105|0x000000061f000000, 0x000000061f000000, 0x000000061f400000|  0%| F|  |TAMS 0x000000061f000000, 0x000000061f000000| Untracked 
| 106|0x000000061f400000, 0x000000061f400000, 0x000000061f800000|  0%| F|  |TAMS 0x000000061f400000, 0x000000061f400000| Untracked 
| 107|0x000000061f800000, 0x000000061f800000, 0x000000061fc00000|  0%| F|  |TAMS 0x000000061f800000, 0x000000061f800000| Untracked 
| 108|0x000000061fc00000, 0x000000061fc00000, 0x0000000620000000|  0%| F|  |TAMS 0x000000061fc00000, 0x000000061fc00000| Untracked 
| 109|0x0000000620000000, 0x0000000620000000, 0x0000000620400000|  0%| F|  |TAMS 0x0000000620000000, 0x0000000620000000| Untracked 
| 110|0x0000000620400000, 0x0000000620400000, 0x0000000620800000|  0%| F|  |TAMS 0x0000000620400000, 0x0000000620400000| Untracked 
| 111|0x0000000620800000, 0x0000000620800000, 0x0000000620c00000|  0%| F|  |TAMS 0x0000000620800000, 0x0000000620800000| Untracked 
| 112|0x0000000620c00000, 0x0000000620c00000, 0x0000000621000000|  0%| F|  |TAMS 0x0000000620c00000, 0x0000000620c00000| Untracked 
| 113|0x0000000621000000, 0x0000000621400000, 0x0000000621400000|100%| S|CS|TAMS 0x0000000621000000, 0x0000000621000000| Complete 
| 114|0x0000000621400000, 0x0000000621800000, 0x0000000621800000|100%| S|CS|TAMS 0x0000000621400000, 0x0000000621400000| Complete 
| 115|0x0000000621800000, 0x0000000621800000, 0x0000000621c00000|  0%| F|  |TAMS 0x0000000621800000, 0x0000000621800000| Untracked 
| 116|0x0000000621c00000, 0x0000000621cd1dd0, 0x0000000622000000| 20%| E|  |TAMS 0x0000000621c00000, 0x0000000621c00000| Complete 
| 117|0x0000000622000000, 0x0000000622400000, 0x0000000622400000|100%| E|CS|TAMS 0x0000000622000000, 0x0000000622000000| Complete 
| 118|0x0000000622400000, 0x0000000622800000, 0x0000000622800000|100%| E|CS|TAMS 0x0000000622400000, 0x0000000622400000| Complete 
| 119|0x0000000622800000, 0x0000000622c00000, 0x0000000622c00000|100%| E|CS|TAMS 0x0000000622800000, 0x0000000622800000| Complete 
| 120|0x0000000622c00000, 0x0000000623000000, 0x0000000623000000|100%| E|CS|TAMS 0x0000000622c00000, 0x0000000622c00000| Complete 
| 121|0x0000000623000000, 0x0000000623400000, 0x0000000623400000|100%| E|CS|TAMS 0x0000000623000000, 0x0000000623000000| Complete 
| 122|0x0000000623400000, 0x0000000623800000, 0x0000000623800000|100%| E|CS|TAMS 0x0000000623400000, 0x0000000623400000| Complete 
| 123|0x0000000623800000, 0x0000000623c00000, 0x0000000623c00000|100%| E|CS|TAMS 0x0000000623800000, 0x0000000623800000| Complete 
| 124|0x0000000623c00000, 0x0000000624000000, 0x0000000624000000|100%| E|CS|TAMS 0x0000000623c00000, 0x0000000623c00000| Complete 
| 125|0x0000000624000000, 0x0000000624400000, 0x0000000624400000|100%| E|CS|TAMS 0x0000000624000000, 0x0000000624000000| Complete 
| 126|0x0000000624400000, 0x0000000624800000, 0x0000000624800000|100%| E|CS|TAMS 0x0000000624400000, 0x0000000624400000| Complete 

Card table byte_map: [0x000001f9752d0000,0x000001f9762b0000] _byte_map_base: 0x000001f9722aa000

Marking Bits (Prev, Next): (CMBitMap*) 0x000001f96bd80b20, (CMBitMap*) 0x000001f96bd80b60
 Prev Bits: [0x000001f977290000, 0x000001f97f160000)
 Next Bits: [0x000001f90f000000, 0x000001f916ed0000)

Polling page: 0x000001f969cb0000

Metaspace:

Usage:
  Non-class:     17.10 MB used.
      Class:      2.89 MB used.
       Both:     19.99 MB used.

Virtual space:
  Non-class space:       64.00 MB reserved,      17.25 MB ( 27%) committed,  1 nodes.
      Class space:        1.00 GB reserved,       3.00 MB ( <1%) committed,  1 nodes.
             Both:        1.06 GB reserved,      20.25 MB (  2%) committed. 

Chunk freelists:
   Non-Class:  13.84 MB
       Class:  13.03 MB
        Both:  26.88 MB

MaxMetaspaceSize: unlimited
CompressedClassSpaceSize: 1.00 GB
Initial GC threshold: 21.00 MB
Current GC threshold: 21.00 MB
CDS: on
MetaspaceReclaimPolicy: balanced
 - commit_granule_bytes: 65536.
 - commit_granule_words: 8192.
 - virtual_space_node_default_size: 8388608.
 - enlarge_chunks_in_place: 1.
 - new_chunks_are_fully_committed: 0.
 - uncommit_free_chunks: 1.
 - use_allocation_guard: 0.
 - handle_deallocations: 1.


Internal statistics:

num_allocs_failed_limit: 0.
num_arena_births: 226.
num_arena_deaths: 0.
num_vsnodes_births: 2.
num_vsnodes_deaths: 0.
num_space_committed: 324.
num_space_uncommitted: 0.
num_chunks_returned_to_freelist: 0.
num_chunks_taken_from_freelist: 875.
num_chunk_merges: 0.
num_chunk_splits: 613.
num_chunks_enlarged: 489.
num_inconsistent_stats: 0.

CodeHeap 'non-profiled nmethods': size=119168Kb used=1694Kb max_used=1694Kb free=117473Kb
 bounds [0x000001f907ba0000, 0x000001f907e10000, 0x000001f90f000000]
CodeHeap 'profiled nmethods': size=119104Kb used=9574Kb max_used=9574Kb free=109529Kb
 bounds [0x000001f900000000, 0x000001f900960000, 0x000001f907450000]
CodeHeap 'non-nmethods': size=7488Kb used=3146Kb max_used=3202Kb free=4341Kb
 bounds [0x000001f907450000, 0x000001f907780000, 0x000001f907ba0000]
 total_blobs=5201 nmethods=4377 adapters=733
 compilation: enabled
              stopped_count=0, restarted_count=0
 full_count=0

Compilation events (20 events):
Event: 1.159 Thread 0x000001f91977fff0 4344       4       java.nio.DirectFloatBufferU::ix (10 bytes)
Event: 1.159 Thread 0x000001f91964ce60 nmethod 4343 0x000001f900947410 code [0x000001f9009475e0, 0x000001f900947b18]
Event: 1.159 Thread 0x000001f9195690a0 4345       3       com.sun.javafx.geom.transform.AffineBase::<init> (5 bytes)
Event: 1.160 Thread 0x000001f9195690a0 nmethod 4345 0x000001f900947c90 code [0x000001f900947e40, 0x000001f900947ff8]
Event: 1.160 Thread 0x000001f91977fff0 nmethod 4344 0x000001f907d32d10 code [0x000001f907d32e80, 0x000001f907d32ef8]
Event: 1.160 Thread 0x000001f9194cab80 4346       3       com.sun.prism.d3d.D3DShader::checkTmpFloatBuf (21 bytes)
Event: 1.160 Thread 0x000001f9195690a0 4347       3       java.util.WeakHashMap::get (75 bytes)
Event: 1.160 Thread 0x000001f9194cab80 nmethod 4346 0x000001f900948110 code [0x000001f900948300, 0x000001f900948828]
Event: 1.160 Thread 0x000001f9195690a0 nmethod 4347 0x000001f900948a10 code [0x000001f900948c40, 0x000001f9009494f8]
Event: 1.160 Thread 0x000001f9195690a0 4348       3       com.sun.marlin.Helpers::outcode (70 bytes)
Event: 1.160 Thread 0x000001f91964ce60 4349       3       com.sun.marlin.Renderer::tosubpixx (6 bytes)
Event: 1.160 Thread 0x000001f9194cab80 4350       3       com.sun.marlin.Renderer::tosubpixy (10 bytes)
Event: 1.160 Thread 0x000001f9194cab80 nmethod 4350 0x000001f900949890 code [0x000001f900949a60, 0x000001f900949b58]
Event: 1.160 Thread 0x000001f91964ce60 nmethod 4349 0x000001f900949c10 code [0x000001f900949dc0, 0x000001f900949eb8]
Event: 1.160 Thread 0x000001f9195690a0 nmethod 4348 0x000001f900949f90 code [0x000001f90094a140, 0x000001f90094a498]
Event: 1.161 Thread 0x000001f966263070 nmethod 4339 0x000001f907d33010 code [0x000001f907d331a0, 0x000001f907d33398]
Event: 1.161 Thread 0x000001f9195690a0 4351       3       com.sun.javafx.sg.prism.NGGroup::renderForcedContent (43 bytes)
Event: 1.161 Thread 0x000001f9194cab80 4352       3       com.sun.javafx.sg.prism.NGNode::renderForcedContent (1 bytes)
Event: 1.161 Thread 0x000001f9194cab80 nmethod 4352 0x000001f90094a610 code [0x000001f90094a7a0, 0x000001f90094a8b8]
Event: 1.161 Thread 0x000001f9195690a0 nmethod 4351 0x000001f90094a990 code [0x000001f90094aba0, 0x000001f90094b298]

GC Heap History (4 events):
Event: 0.286 GC heap before
{Heap before GC invocations=0 (full 0):
 garbage-first heap   total 520192K, used 20480K [0x0000000604c00000, 0x0000000800000000)
  region size 4096K, 6 young (24576K), 0 survivors (0K)
 Metaspace       used 4553K, committed 4736K, reserved 1114112K
  class space    used 527K, committed 640K, reserved 1048576K
}
Event: 0.288 GC heap after
{Heap after GC invocations=1 (full 0):
 garbage-first heap   total 520192K, used 2699K [0x0000000604c00000, 0x0000000800000000)
  region size 4096K, 1 young (4096K), 1 survivors (4096K)
 Metaspace       used 4553K, committed 4736K, reserved 1114112K
  class space    used 527K, committed 640K, reserved 1048576K
}
Event: 0.789 GC heap before
{Heap before GC invocations=1 (full 0):
 garbage-first heap   total 520192K, used 43659K [0x0000000604c00000, 0x0000000800000000)
  region size 4096K, 12 young (49152K), 1 survivors (4096K)
 Metaspace       used 15414K, committed 15680K, reserved 1114112K
  class space    used 2318K, committed 2432K, reserved 1048576K
}
Event: 0.792 GC heap after
{Heap after GC invocations=2 (full 0):
 garbage-first heap   total 520192K, used 8206K [0x0000000604c00000, 0x0000000800000000)
  region size 4096K, 2 young (8192K), 2 survivors (8192K)
 Metaspace       used 15414K, committed 15680K, reserved 1114112K
  class space    used 2318K, committed 2432K, reserved 1048576K
}

Dll operation events (20 events):
Event: 0.138 Loaded shared library C:\Users\Ngn\.openjfx\cache\21+31\amd64\api-ms-win-crt-multibyte-l1-1-0.dll
Event: 0.140 Loaded shared library C:\Users\Ngn\.openjfx\cache\21+31\amd64\api-ms-win-crt-private-l1-1-0.dll
Event: 0.140 Loaded shared library C:\Users\Ngn\.openjfx\cache\21+31\amd64\api-ms-win-crt-process-l1-1-0.dll
Event: 0.141 Loaded shared library C:\Users\Ngn\.openjfx\cache\21+31\amd64\api-ms-win-crt-runtime-l1-1-0.dll
Event: 0.142 Loaded shared library C:\Users\Ngn\.openjfx\cache\21+31\amd64\api-ms-win-crt-stdio-l1-1-0.dll
Event: 0.143 Loaded shared library C:\Users\Ngn\.openjfx\cache\21+31\amd64\api-ms-win-crt-string-l1-1-0.dll
Event: 0.144 Loaded shared library C:\Users\Ngn\.openjfx\cache\21+31\amd64\api-ms-win-crt-time-l1-1-0.dll
Event: 0.145 Loaded shared library C:\Users\Ngn\.openjfx\cache\21+31\amd64\api-ms-win-crt-utility-l1-1-0.dll
Event: 0.153 Loaded shared library C:\Users\Ngn\.openjfx\cache\21+31\amd64\ucrtbase.dll
Event: 0.155 Loaded shared library C:\Users\Ngn\.openjfx\cache\21+31\amd64\vcruntime140.dll
Event: 0.156 Loaded shared library C:\Users\Ngn\.openjfx\cache\21+31\amd64\vcruntime140_1.dll
Event: 0.160 Loaded shared library C:\Users\Ngn\.openjfx\cache\21+31\amd64\msvcp140.dll
Event: 0.161 Loaded shared library C:\Users\Ngn\.openjfx\cache\21+31\amd64\msvcp140_1.dll
Event: 0.163 Loaded shared library C:\Users\Ngn\.openjfx\cache\21+31\amd64\msvcp140_2.dll
Event: 0.181 Loaded shared library C:\Users\Ngn\.openjfx\cache\21+31\amd64\prism_d3d.dll
Event: 0.214 Loaded shared library C:\Users\Ngn\.openjfx\cache\21+31\amd64\glass.dll
Event: 0.283 Loaded shared library C:\Program Files\Eclipse Adoptium\jdk-17.0.17.10-hotspot\bin\jimage.dll
Event: 0.355 Loaded shared library C:\Users\Ngn\.openjfx\cache\21+31\amd64\javafx_font.dll
Event: 0.592 Loaded shared library C:\Users\Ngn\AppData\Local\Temp\sqlite-3.40.0.0-37774bba-359b-4443-b675-cee8118408b4-sqlitejdbc.dll
Event: 1.067 Loaded shared library C:\Program Files\Eclipse Adoptium\jdk-17.0.17.10-hotspot\bin\extnet.dll

Deoptimization events (20 events):
Event: 1.075 Thread 0x000001f965e7a3d0 Uncommon trap: trap_request=0xffffff45 fr.pc=0x000001f907c3f5e8 relative=0x0000000000000228
Event: 1.075 Thread 0x000001f965e7a3d0 Uncommon trap: reason=unstable_if action=reinterpret pc=0x000001f907c3f5e8 method=java.util.StringTokenizer.scanToken(I)I @ 42 c2
Event: 1.076 Thread 0x000001f965e7a3d0 DEOPT PACKING pc=0x000001f907c3f5e8 sp=0x00000022ba8fe5d0
Event: 1.076 Thread 0x000001f965e7a3d0 DEOPT UNPACKING pc=0x000001f9074a69a3 sp=0x00000022ba8fe560 mode 2
Event: 1.076 Thread 0x000001f965e7a3d0 Uncommon trap: trap_request=0xffffff45 fr.pc=0x000001f907c76810 relative=0x0000000000000070
Event: 1.076 Thread 0x000001f965e7a3d0 Uncommon trap: reason=unstable_if action=reinterpret pc=0x000001f907c76810 method=java.lang.StringLatin1.trim([B)Ljava/lang/String; @ 19 c2
Event: 1.076 Thread 0x000001f965e7a3d0 DEOPT PACKING pc=0x000001f907c76810 sp=0x00000022ba8fe5e0
Event: 1.076 Thread 0x000001f965e7a3d0 DEOPT UNPACKING pc=0x000001f9074a69a3 sp=0x00000022ba8fe570 mode 2
Event: 1.115 Thread 0x000001f95f665180 Uncommon trap: trap_request=0xffffff45 fr.pc=0x000001f907ca5580 relative=0x00000000000049e0
Event: 1.115 Thread 0x000001f95f665180 Uncommon trap: reason=unstable_if action=reinterpret pc=0x000001f907ca5580 method=java.lang.invoke.MethodType.checkPtypes([Ljava/lang/Class;)I @ 47 c2
Event: 1.115 Thread 0x000001f95f665180 DEOPT PACKING pc=0x000001f907ca5580 sp=0x00000022b7bfccc0
Event: 1.115 Thread 0x000001f95f665180 DEOPT UNPACKING pc=0x000001f9074a69a3 sp=0x00000022b7bfcc58 mode 2
Event: 1.119 Thread 0x000001f95f665180 Uncommon trap: trap_request=0xffffff45 fr.pc=0x000001f907cf53d0 relative=0x0000000000000110
Event: 1.119 Thread 0x000001f95f665180 Uncommon trap: reason=unstable_if action=reinterpret pc=0x000001f907cf53d0 method=java.lang.StrictMath.floorOrCeil(DDDD)D @ 14 c2
Event: 1.119 Thread 0x000001f95f665180 DEOPT PACKING pc=0x000001f907cf53d0 sp=0x00000022b7bfe150
Event: 1.119 Thread 0x000001f95f665180 DEOPT UNPACKING pc=0x000001f9074a69a3 sp=0x00000022b7bfe0c8 mode 2
Event: 1.127 Thread 0x000001f95f665180 Uncommon trap: trap_request=0xffffff45 fr.pc=0x000001f907c91770 relative=0x00000000000001d0
Event: 1.127 Thread 0x000001f95f665180 Uncommon trap: reason=unstable_if action=reinterpret pc=0x000001f907c91770 method=java.util.WeakHashMap.matchesKey(Ljava/util/WeakHashMap$Entry;Ljava/lang/Object;)Z @ 5 c2
Event: 1.127 Thread 0x000001f95f665180 DEOPT PACKING pc=0x000001f907c91770 sp=0x00000022b7bfd960
Event: 1.127 Thread 0x000001f95f665180 DEOPT UNPACKING pc=0x000001f9074a69a3 sp=0x00000022b7bfd880 mode 2

Classes loaded (20 events):
Event: 1.103 Loading class java/nio/DoubleBuffer
Event: 1.103 Loading class java/nio/DoubleBuffer done
Event: 1.103 Loading class java/nio/DirectFloatBufferU
Event: 1.103 Loading class java/nio/DirectFloatBufferU done
Event: 1.109 Loading class java/util/concurrent/ConcurrentLinkedQueue
Event: 1.109 Loading class java/util/concurrent/ConcurrentLinkedQueue done
Event: 1.110 Loading class java/util/concurrent/ConcurrentLinkedQueue$Node
Event: 1.110 Loading class java/util/concurrent/ConcurrentLinkedQueue$Node done
Event: 1.111 Loading class jdk/internal/ref/CleanerImpl$InnocuousThreadFactory
Event: 1.111 Loading class jdk/internal/ref/CleanerImpl$InnocuousThreadFactory done
Event: 1.113 Loading class jdk/internal/math/FDBigInteger
Event: 1.113 Loading class jdk/internal/math/FDBigInteger done
Event: 1.114 Loading class sun/misc/Unsafe
Event: 1.115 Loading class sun/misc/Unsafe done
Event: 1.115 Loading class jdk/internal/reflect/UnsafeQualifiedStaticObjectFieldAccessorImpl
Event: 1.115 Loading class jdk/internal/reflect/UnsafeQualifiedStaticFieldAccessorImpl
Event: 1.115 Loading class jdk/internal/reflect/UnsafeQualifiedStaticFieldAccessorImpl done
Event: 1.115 Loading class jdk/internal/reflect/UnsafeQualifiedStaticObjectFieldAccessorImpl done
Event: 1.145 Loading class java/util/regex/Pattern$SliceI
Event: 1.145 Loading class java/util/regex/Pattern$SliceI done

Classes unloaded (0 events):
No events

Classes redefined (0 events):
No events

Internal exceptions (20 events):
Event: 0.346 Thread 0x000001f95fcbb8d0 Exception <a 'java/lang/ClassNotFoundException'{0x0000000623f594c8}: com/sun/glass/ui/win/themes_en> (0x0000000623f594c8) 
thrown [s\src\hotspot\share\prims\jni.cpp, line 535]
Event: 0.346 Thread 0x000001f95fcbb8d0 Exception <a 'java/lang/ClassNotFoundException'{0x0000000623f61510}: com/sun/glass/ui/win/themes_en_US> (0x0000000623f61510) 
thrown [s\src\hotspot\share\prims\jni.cpp, line 535]
Event: 0.384 Thread 0x000001f95fcbb8d0 Exception <a 'java/lang/NoSuchMethodError'{0x00000006234797c0}: 'void java.lang.invoke.DirectMethodHandle$Holder.invokeStaticInit(java.lang.Object, java.lang.Object)'> (0x00000006234797c0) 
thrown [s\src\hotspot\share\interpreter\linkResolver.cpp, line 759]
Event: 0.385 Thread 0x000001f95fcbb8d0 Exception <a 'java/lang/NoSuchMethodError'{0x00000006235900c0}: 'void java.lang.invoke.DirectMethodHandle$Holder.invokeSpecial(java.lang.Object, java.lang.Object, java.lang.Object, java.lang.Object, java.lang.Object)'> (0x00000006235900c0) 
thrown [s\src\hotspot\share\interpreter\linkResolver.cpp, line 759]
Event: 0.426 Thread 0x000001f95fcbb8d0 Exception <a 'java/lang/NoSuchMethodError'{0x00000006231cf720}: 'java.lang.Object java.lang.invoke.DirectMethodHandle$Holder.newInvokeSpecial(java.lang.Object, java.lang.Object, int)'> (0x00000006231cf720) 
thrown [s\src\hotspot\share\interpreter\linkResolver.cpp, line 759]
Event: 0.530 Thread 0x000001f95fcbb8d0 Exception <a 'sun/nio/fs/WindowsException'{0x0000000622763ab0}> (0x0000000622763ab0) 
thrown [s\src\hotspot\share\prims\jni.cpp, line 516]
Event: 0.534 Thread 0x000001f95fcbb8d0 Exception <a 'java/lang/NoSuchMethodError'{0x00000006227c16f0}: 'java.lang.Object java.lang.invoke.DirectMethodHandle$Holder.invokeStaticInit(java.lang.Object, int, int, int, int)'> (0x00000006227c16f0) 
thrown [s\src\hotspot\share\interpreter\linkResolver.cpp, line 759]
Event: 0.549 Thread 0x000001f95fcbb8d0 Exception <a 'java/lang/NoSuchMethodError'{0x00000006220730b0}: 'java.lang.Object java.lang.invoke.DirectMethodHandle$Holder.invokeStaticInit(java.lang.Object, java.lang.Object, int, int, int, int)'> (0x00000006220730b0) 
thrown [s\src\hotspot\share\interpreter\linkResolver.cpp, line 759]
Event: 0.551 Thread 0x000001f95fcbb8d0 Exception <a 'sun/nio/fs/WindowsException'{0x0000000622087ee8}> (0x0000000622087ee8) 
thrown [s\src\hotspot\share\prims\jni.cpp, line 516]
Event: 0.552 Thread 0x000001f95fcbb8d0 Exception <a 'sun/nio/fs/WindowsException'{0x000000062208a178}> (0x000000062208a178) 
thrown [s\src\hotspot\share\prims\jni.cpp, line 516]
Event: 0.677 Thread 0x000001f95fcbb8d0 Exception <a 'java/lang/NoSuchMethodError'{0x0000000622143c80}: 'java.lang.Object java.lang.invoke.DirectMethodHandle$Holder.invokeSpecial(java.lang.Object, java.lang.Object, int, java.lang.Object, long)'> (0x0000000622143c80) 
thrown [s\src\hotspot\share\interpreter\linkResolver.cpp, line 759]
Event: 0.730 Thread 0x000001f95fcbb8d0 Exception <a 'java/io/FileNotFoundException'{0x0000000621d10800}> (0x0000000621d10800) 
thrown [s\src\hotspot\share\prims\jni.cpp, line 516]
Event: 0.748 Thread 0x000001f95fcbb8d0 Exception <a 'java/lang/NoSuchMethodError'{0x0000000621f47910}: 'java.lang.Object java.lang.invoke.DirectMethodHandle$Holder.invokeInterface(java.lang.Object, java.lang.Object, java.lang.Object)'> (0x0000000621f47910) 
thrown [s\src\hotspot\share\interpreter\linkResolver.cpp, line 759]
Event: 0.748 Thread 0x000001f95fcbb8d0 Exception <a 'java/lang/IncompatibleClassChangeError'{0x0000000621f4b298}: Found class java.lang.Object, but interface was expected> (0x0000000621f4b298) 
thrown [s\src\hotspot\share\interpreter\linkResolver.cpp, line 826]
Event: 0.773 Thread 0x000001f95fcbb8d0 Exception <a 'java/lang/ClassNotFoundException'{0x0000000621966c60}: com/sun/javafx/scene/control/skin/resources/controls> (0x0000000621966c60) 
thrown [s\src\hotspot\share\prims\jni.cpp, line 535]
Event: 0.774 Thread 0x000001f95fcbb8d0 Exception <a 'java/lang/ClassNotFoundException'{0x0000000621975090}: com/sun/javafx/scene/control/skin/resources/controls_en> (0x0000000621975090) 
thrown [s\src\hotspot\share\prims\jni.cpp, line 535]
Event: 0.774 Thread 0x000001f95fcbb8d0 Exception <a 'java/lang/ClassNotFoundException'{0x0000000621976dd0}: com/sun/javafx/scene/control/skin/resources/controls_en_US> (0x0000000621976dd0) 
thrown [s\src\hotspot\share\prims\jni.cpp, line 535]
Event: 0.783 Thread 0x000001f95fcbb8d0 Exception <a 'java/lang/NoSuchMethodError'{0x0000000621aa2930}: 'void java.lang.invoke.DirectMethodHandle$Holder.invokeSpecial(java.lang.Object, java.lang.Object, java.lang.Object, java.lang.Object, java.lang.Object, java.lang.Object)'> (0x0000000621aa2930) 
thrown [s\src\hotspot\share\interpreter\linkResolver.cpp, line 759]
Event: 1.091 Thread 0x000001f95f665180 Exception <a 'java/lang/NoSuchMethodError'{0x00000006227533a8}: 'int java.lang.invoke.DirectMethodHandle$Holder.invokeStaticInit(java.lang.Object, java.lang.Object)'> (0x00000006227533a8) 
thrown [s\src\hotspot\share\interpreter\linkResolver.cpp, line 759]
Event: 1.149 Thread 0x000001f95f665180 Exception <a 'java/lang/NoSuchMethodError'{0x00000006223d7df8}: 'java.lang.Object java.lang.invoke.DirectMethodHandle$Holder.invokeStaticInit(java.lang.Object, int)'> (0x00000006223d7df8) 
thrown [s\src\hotspot\share\interpreter\linkResolver.cpp, line 759]

VM Operations (20 events):
Event: 0.754 Executing VM operation: ICBufferFull
Event: 0.754 Executing VM operation: ICBufferFull done
Event: 0.789 Executing VM operation: G1CollectForAllocation
Event: 0.792 Executing VM operation: G1CollectForAllocation done
Event: 0.852 Executing VM operation: ICBufferFull
Event: 0.852 Executing VM operation: ICBufferFull done
Event: 0.926 Executing VM operation: ICBufferFull
Event: 0.926 Executing VM operation: ICBufferFull done
Event: 0.997 Executing VM operation: ICBufferFull
Event: 0.997 Executing VM operation: ICBufferFull done
Event: 1.052 Executing VM operation: HandshakeAllThreads
Event: 1.052 Executing VM operation: HandshakeAllThreads done
Event: 1.077 Executing VM operation: HandshakeAllThreads
Event: 1.077 Executing VM operation: HandshakeAllThreads done
Event: 1.077 Executing VM operation: HandshakeAllThreads
Event: 1.077 Executing VM operation: HandshakeAllThreads done
Event: 1.078 Executing VM operation: HandshakeAllThreads
Event: 1.078 Executing VM operation: HandshakeAllThreads done
Event: 1.079 Executing VM operation: ICBufferFull
Event: 1.079 Executing VM operation: ICBufferFull done

Memory protections (0 events):
No events

Nmethod flushes (0 events):
No events

Events (20 events):
Event: 0.038 Thread 0x000001f9194ca180 Thread added: 0x000001f91964ce60
Event: 0.038 Thread 0x000001f9194ca180 Thread added: 0x000001f91964d380
Event: 0.046 Thread 0x000001f9194ca180 Thread added: 0x000001f91977fff0
Event: 0.046 Thread 0x000001f9194ca180 Thread added: 0x000001f919780510
Event: 0.046 Thread 0x000001f9194ca180 Thread added: 0x000001f919780a30
Event: 0.046 Thread 0x000001f9194ca180 Thread added: 0x000001f919780f50
Event: 0.062 Thread 0x000001f9194cab80 Thread added: 0x000001f95f60b390
Event: 0.064 Thread 0x000001f96bcd3900 Thread added: 0x000001f95f01a060
Event: 0.177 Thread 0x000001f96bcd3900 Thread added: 0x000001f95f665180
Event: 0.215 Thread 0x000001f96bcd3900 Thread added: 0x000001f95fbec1a0
Event: 0.217 Thread 0x000001f96bcd3900 Thread added: 0x000001f95fcbb8d0
Event: 0.223 Thread 0x000001f95f60b390 Thread exited: 0x000001f95f60b390
Event: 0.269 Thread 0x000001f96bcd3900 Thread added: 0x000001f9601a23f0
Event: 0.284 Thread 0x000001f9602f1620 Thread added: 0x000001f9602f1620
Event: 0.746 Thread 0x000001f95fcbb8d0 Thread added: 0x000001f965e78060
Event: 1.020 Thread 0x000001f91964ce60 Thread added: 0x000001f9662635c0
Event: 1.023 Thread 0x000001f91964d380 Thread added: 0x000001f966263070
Event: 1.048 Thread 0x000001f95fcbb8d0 Thread added: 0x000001f965e7a3d0
Event: 1.078 Thread 0x000001f965e7a3d0 Thread added: 0x000001f965e79ec0
Event: 1.111 Thread 0x000001f95f665180 Thread added: 0x000001f965e77130


Dynamic libraries:
0x00007ff65ccd0000 - 0x00007ff65ccde000 	C:\Program Files\Eclipse Adoptium\jdk-17.0.17.10-hotspot\bin\java.exe
0x00007ff9930d0000 - 0x00007ff9932c8000 	C:\Windows\SYSTEM32\ntdll.dll
0x00007ff991600000 - 0x00007ff9916c2000 	C:\Windows\System32\KERNEL32.DLL
0x00007ff990c90000 - 0x00007ff990f86000 	C:\Windows\System32\KERNELBASE.dll
0x00007ff990940000 - 0x00007ff990a40000 	C:\Windows\System32\ucrtbase.dll
0x00007ff939ff0000 - 0x00007ff93a00e000 	C:\Program Files\Eclipse Adoptium\jdk-17.0.17.10-hotspot\bin\VCRUNTIME140.dll
0x00007ff97b220000 - 0x00007ff97b238000 	C:\Program Files\Eclipse Adoptium\jdk-17.0.17.10-hotspot\bin\jli.dll
0x00007ff991360000 - 0x00007ff991501000 	C:\Windows\System32\USER32.dll
0x00007ff990af0000 - 0x00007ff990b12000 	C:\Windows\System32\win32u.dll
0x00007ff97a140000 - 0x00007ff97a3db000 	C:\Windows\WinSxS\amd64_microsoft.windows.common-controls_6595b64144ccf1df_6.0.19041.6456_none_60b8a6cb71f64256\COMCTL32.dll
0x00007ff992f30000 - 0x00007ff992f5b000 	C:\Windows\System32\GDI32.dll
0x00007ff9916d0000 - 0x00007ff99176e000 	C:\Windows\System32\msvcrt.dll
0x00007ff990b70000 - 0x00007ff990c89000 	C:\Windows\System32\gdi32full.dll
0x00007ff9907f0000 - 0x00007ff99088d000 	C:\Windows\System32\msvcp_win.dll
0x00007ff991330000 - 0x00007ff99135f000 	C:\Windows\System32\IMM32.DLL
0x00007ff97b160000 - 0x00007ff97b16c000 	C:\Program Files\Eclipse Adoptium\jdk-17.0.17.10-hotspot\bin\vcruntime140_1.dll
0x00007ff9042a0000 - 0x00007ff90432d000 	C:\Program Files\Eclipse Adoptium\jdk-17.0.17.10-hotspot\bin\msvcp140.dll
0x00007ff8d74a0000 - 0x00007ff8d810b000 	C:\Program Files\Eclipse Adoptium\jdk-17.0.17.10-hotspot\bin\server\jvm.dll
0x00007ff9910f0000 - 0x00007ff9911a1000 	C:\Windows\System32\ADVAPI32.dll
0x00007ff991770000 - 0x00007ff99180f000 	C:\Windows\System32\sechost.dll
0x00007ff9911b0000 - 0x00007ff9912d0000 	C:\Windows\System32\RPCRT4.dll
0x00007ff990890000 - 0x00007ff9908b7000 	C:\Windows\System32\bcrypt.dll
0x00007ff992dc0000 - 0x00007ff992e2b000 	C:\Windows\System32\WS2_32.dll
0x00007ff98fcf0000 - 0x00007ff98fd3b000 	C:\Windows\SYSTEM32\POWRPROF.dll
0x00007ff9840c0000 - 0x00007ff9840e7000 	C:\Windows\SYSTEM32\WINMM.dll
0x00007ff97a450000 - 0x00007ff97a45a000 	C:\Windows\SYSTEM32\VERSION.dll
0x00007ff98fb60000 - 0x00007ff98fb72000 	C:\Windows\SYSTEM32\UMPDC.dll
0x00007ff98ed90000 - 0x00007ff98eda2000 	C:\Windows\SYSTEM32\kernel.appcore.dll
0x00007ff97acf0000 - 0x00007ff97acfa000 	C:\Program Files\Eclipse Adoptium\jdk-17.0.17.10-hotspot\bin\jimage.dll
0x00007ff98ea40000 - 0x00007ff98ec41000 	C:\Windows\SYSTEM32\DBGHELP.DLL
0x00007ff97a410000 - 0x00007ff97a444000 	C:\Windows\SYSTEM32\dbgcore.DLL
0x00007ff990760000 - 0x00007ff9907e2000 	C:\Windows\System32\bcryptPrimitives.dll
0x00007ff9261d0000 - 0x00007ff9261f5000 	C:\Program Files\Eclipse Adoptium\jdk-17.0.17.10-hotspot\bin\java.dll
0x00007ff8ffe50000 - 0x00007ff8fff27000 	C:\Program Files\Eclipse Adoptium\jdk-17.0.17.10-hotspot\bin\jsvml.dll
0x00007ff991e60000 - 0x00007ff9925d0000 	C:\Windows\System32\SHELL32.dll
0x00007ff98e1c0000 - 0x00007ff98e965000 	C:\Windows\SYSTEM32\windows.storage.dll
0x00007ff9925d0000 - 0x00007ff992924000 	C:\Windows\System32\combase.dll
0x00007ff990190000 - 0x00007ff9901bb000 	C:\Windows\SYSTEM32\Wldp.dll
0x00007ff991810000 - 0x00007ff9918dd000 	C:\Windows\System32\OLEAUT32.dll
0x00007ff991d50000 - 0x00007ff991dfd000 	C:\Windows\System32\SHCORE.dll
0x00007ff992a80000 - 0x00007ff992adb000 	C:\Windows\System32\shlwapi.dll
0x00007ff990690000 - 0x00007ff9906b4000 	C:\Windows\SYSTEM32\profapi.dll
0x00007ff933330000 - 0x00007ff93334a000 	C:\Program Files\Eclipse Adoptium\jdk-17.0.17.10-hotspot\bin\net.dll
0x00007ff98d1c0000 - 0x00007ff98d2ca000 	C:\Windows\SYSTEM32\WINHTTP.dll
0x00007ff98fef0000 - 0x00007ff98ff5a000 	C:\Windows\system32\mswsock.dll
0x00007ff932fd0000 - 0x00007ff932fe6000 	C:\Program Files\Eclipse Adoptium\jdk-17.0.17.10-hotspot\bin\nio.dll
0x00007ff931220000 - 0x00007ff931238000 	C:\Program Files\Eclipse Adoptium\jdk-17.0.17.10-hotspot\bin\zip.dll
0x000001f919940000 - 0x000001f919943000 	C:\Users\Ngn\.openjfx\cache\21+31\amd64\api-ms-win-core-console-l1-1-0.dll
0x000001f919950000 - 0x000001f919953000 	C:\Users\Ngn\.openjfx\cache\21+31\amd64\api-ms-win-core-console-l1-2-0.dll
0x000001f919960000 - 0x000001f919963000 	C:\Users\Ngn\.openjfx\cache\21+31\amd64\api-ms-win-core-datetime-l1-1-0.dll
0x000001f919970000 - 0x000001f919973000 	C:\Users\Ngn\.openjfx\cache\21+31\amd64\api-ms-win-core-debug-l1-1-0.dll
0x000001f919980000 - 0x000001f919983000 	C:\Users\Ngn\.openjfx\cache\21+31\amd64\api-ms-win-core-errorhandling-l1-1-0.dll
0x000001f919990000 - 0x000001f919994000 	C:\Users\Ngn\.openjfx\cache\21+31\amd64\api-ms-win-core-file-l1-1-0.dll
0x000001f9199a0000 - 0x000001f9199a3000 	C:\Users\Ngn\.openjfx\cache\21+31\amd64\api-ms-win-core-file-l1-2-0.dll
0x000001f9199b0000 - 0x000001f9199b3000 	C:\Users\Ngn\.openjfx\cache\21+31\amd64\api-ms-win-core-file-l2-1-0.dll
0x000001f9199c0000 - 0x000001f9199c3000 	C:\Users\Ngn\.openjfx\cache\21+31\amd64\api-ms-win-core-handle-l1-1-0.dll
0x000001f9199d0000 - 0x000001f9199d3000 	C:\Users\Ngn\.openjfx\cache\21+31\amd64\api-ms-win-core-heap-l1-1-0.dll
0x000001f9199e0000 - 0x000001f9199e3000 	C:\Users\Ngn\.openjfx\cache\21+31\amd64\api-ms-win-core-interlocked-l1-1-0.dll
0x000001f9199f0000 - 0x000001f9199f3000 	C:\Users\Ngn\.openjfx\cache\21+31\amd64\api-ms-win-core-libraryloader-l1-1-0.dll
0x000001f919a00000 - 0x000001f919a03000 	C:\Users\Ngn\.openjfx\cache\21+31\amd64\api-ms-win-core-localization-l1-2-0.dll
0x000001f919a10000 - 0x000001f919a13000 	C:\Users\Ngn\.openjfx\cache\21+31\amd64\api-ms-win-core-memory-l1-1-0.dll
0x000001f919a20000 - 0x000001f919a23000 	C:\Users\Ngn\.openjfx\cache\21+31\amd64\api-ms-win-core-namedpipe-l1-1-0.dll
0x000001f919a30000 - 0x000001f919a33000 	C:\Users\Ngn\.openjfx\cache\21+31\amd64\api-ms-win-core-processenvironment-l1-1-0.dll
0x000001f919a40000 - 0x000001f919a43000 	C:\Users\Ngn\.openjfx\cache\21+31\amd64\api-ms-win-core-processthreads-l1-1-0.dll
0x000001f919a50000 - 0x000001f919a53000 	C:\Users\Ngn\.openjfx\cache\21+31\amd64\api-ms-win-core-processthreads-l1-1-1.dll
0x000001f919a60000 - 0x000001f919a63000 	C:\Users\Ngn\.openjfx\cache\21+31\amd64\api-ms-win-core-profile-l1-1-0.dll
0x000001f919a70000 - 0x000001f919a73000 	C:\Users\Ngn\.openjfx\cache\21+31\amd64\api-ms-win-core-rtlsupport-l1-1-0.dll
0x000001f919a80000 - 0x000001f919a83000 	C:\Users\Ngn\.openjfx\cache\21+31\amd64\api-ms-win-core-string-l1-1-0.dll
0x000001f919a90000 - 0x000001f919a93000 	C:\Users\Ngn\.openjfx\cache\21+31\amd64\api-ms-win-core-synch-l1-1-0.dll
0x000001f919aa0000 - 0x000001f919aa3000 	C:\Users\Ngn\.openjfx\cache\21+31\amd64\api-ms-win-core-synch-l1-2-0.dll
0x000001f919ab0000 - 0x000001f919ab3000 	C:\Users\Ngn\.openjfx\cache\21+31\amd64\api-ms-win-core-sysinfo-l1-1-0.dll
0x000001f919ac0000 - 0x000001f919ac3000 	C:\Users\Ngn\.openjfx\cache\21+31\amd64\api-ms-win-core-timezone-l1-1-0.dll
0x000001f919ad0000 - 0x000001f919ad3000 	C:\Users\Ngn\.openjfx\cache\21+31\amd64\api-ms-win-core-util-l1-1-0.dll
0x000001f919ae0000 - 0x000001f919ae3000 	C:\Users\Ngn\.openjfx\cache\21+31\amd64\api-ms-win-crt-conio-l1-1-0.dll
0x000001f919af0000 - 0x000001f919af4000 	C:\Users\Ngn\.openjfx\cache\21+31\amd64\api-ms-win-crt-convert-l1-1-0.dll
0x000001f919b00000 - 0x000001f919b03000 	C:\Users\Ngn\.openjfx\cache\21+31\amd64\api-ms-win-crt-environment-l1-1-0.dll
0x000001f919b10000 - 0x000001f919b13000 	C:\Users\Ngn\.openjfx\cache\21+31\amd64\api-ms-win-crt-filesystem-l1-1-0.dll
0x000001f919b20000 - 0x000001f919b23000 	C:\Users\Ngn\.openjfx\cache\21+31\amd64\api-ms-win-crt-heap-l1-1-0.dll
0x000001f919b30000 - 0x000001f919b33000 	C:\Users\Ngn\.openjfx\cache\21+31\amd64\api-ms-win-crt-locale-l1-1-0.dll
0x000001f919b40000 - 0x000001f919b45000 	C:\Users\Ngn\.openjfx\cache\21+31\amd64\api-ms-win-crt-math-l1-1-0.dll
0x000001f919b50000 - 0x000001f919b55000 	C:\Users\Ngn\.openjfx\cache\21+31\amd64\api-ms-win-crt-multibyte-l1-1-0.dll
0x000001f919b60000 - 0x000001f919b70000 	C:\Users\Ngn\.openjfx\cache\21+31\amd64\api-ms-win-crt-private-l1-1-0.dll
0x000001f919b70000 - 0x000001f919b73000 	C:\Users\Ngn\.openjfx\cache\21+31\amd64\api-ms-win-crt-process-l1-1-0.dll
0x000001f919b80000 - 0x000001f919b84000 	C:\Users\Ngn\.openjfx\cache\21+31\amd64\api-ms-win-crt-runtime-l1-1-0.dll
0x000001f919b90000 - 0x000001f919b94000 	C:\Users\Ngn\.openjfx\cache\21+31\amd64\api-ms-win-crt-stdio-l1-1-0.dll
0x000001f919ba0000 - 0x000001f919ba4000 	C:\Users\Ngn\.openjfx\cache\21+31\amd64\api-ms-win-crt-string-l1-1-0.dll
0x000001f919bb0000 - 0x000001f919bb3000 	C:\Users\Ngn\.openjfx\cache\21+31\amd64\api-ms-win-crt-time-l1-1-0.dll
0x000001f919bc0000 - 0x000001f919bc3000 	C:\Users\Ngn\.openjfx\cache\21+31\amd64\api-ms-win-crt-utility-l1-1-0.dll
0x00007ff926cc0000 - 0x00007ff926dbc000 	C:\Users\Ngn\.openjfx\cache\21+31\amd64\ucrtbase.dll
0x00007ff97b140000 - 0x00007ff97b15b000 	C:\Users\Ngn\.openjfx\cache\21+31\amd64\vcruntime140.dll
0x00007ff97c4c0000 - 0x00007ff97c4cc000 	C:\Users\Ngn\.openjfx\cache\21+31\amd64\vcruntime140_1.dll
0x00007ff943d80000 - 0x00007ff943e0e000 	C:\Users\Ngn\.openjfx\cache\21+31\amd64\msvcp140.dll
0x00007ff992f60000 - 0x00007ff99308b000 	C:\Windows\System32\ole32.dll
0x00007ff97c490000 - 0x00007ff97c499000 	C:\Users\Ngn\.openjfx\cache\21+31\amd64\msvcp140_1.dll
0x00007ff96f7c0000 - 0x00007ff96f7ef000 	C:\Users\Ngn\.openjfx\cache\21+31\amd64\msvcp140_2.dll
0x00007ff96ef50000 - 0x00007ff96ef7f000 	C:\Users\Ngn\.openjfx\cache\21+31\amd64\prism_d3d.dll
0x00007ff95e620000 - 0x00007ff95e7f1000 	C:\Windows\system32\d3d9.dll
0x00007ff98dbc0000 - 0x00007ff98dbee000 	C:\Windows\SYSTEM32\dwmapi.dll
0x00007ff98d9c0000 - 0x00007ff98da5e000 	C:\Windows\system32\uxtheme.dll
0x00007ff8ff380000 - 0x00007ff8ff61f000 	C:\Windows\System32\DriverStore\FileRepository\iigd_dch.inf_amd64_cc53041c629cfdec\igdumdim64.dll
0x00007ff8cf740000 - 0x00007ff8d13da000 	C:\Windows\System32\DriverStore\FileRepository\iigd_dch.inf_amd64_cc53041c629cfdec\igd9trinity64.dll
0x00007ff98f000000 - 0x00007ff98f0f6000 	C:\Windows\system32\dxgi.dll
0x00007ff983740000 - 0x00007ff983ceb000 	C:\Windows\System32\DriverStore\FileRepository\iigd_dch.inf_amd64_cc53041c629cfdec\igdgmm64.dll
0x00007ff97e3c0000 - 0x00007ff983674000 	C:\Windows\System32\DriverStore\FileRepository\iigd_dch.inf_amd64_cc53041c629cfdec\igc64.dll
0x00007ff990b20000 - 0x00007ff990b6e000 	C:\Windows\System32\CFGMGR32.dll
0x00007ff9867f0000 - 0x00007ff98682b000 	C:\Windows\SYSTEM32\dxcore.dll
0x00007ff8cdfd0000 - 0x00007ff8cf73b000 	C:\Windows\System32\DriverStore\FileRepository\iigd_dch.inf_amd64_cc53041c629cfdec\igd9dxva64.dll
0x00007ff9918e0000 - 0x00007ff991d50000 	C:\Windows\System32\SETUPAPI.dll
0x00007ff90c7b0000 - 0x00007ff90e883000 	C:\Windows\System32\DriverStore\FileRepository\iigd_dch.inf_amd64_cc53041c629cfdec\media_bin_64.dll
0x00007ff9437a0000 - 0x00007ff9437e2000 	C:\Users\Ngn\.openjfx\cache\21+31\amd64\glass.dll
0x00007ff992e50000 - 0x00007ff992f2a000 	C:\Windows\System32\COMDLG32.dll
0x00007ff992ca0000 - 0x00007ff992db5000 	C:\Windows\System32\MSCTF.dll
0x00007ff8f45c0000 - 0x00007ff8f4761000 	C:\Windows\System32\DriverStore\FileRepository\iigd_dch.inf_amd64_cc53041c629cfdec\igdml64.dll
0x00007ff933070000 - 0x00007ff933098000 	C:\Windows\System32\DriverStore\FileRepository\iigd_dch.inf_amd64_cc53041c629cfdec\igdinfo64.dll
0x00007ff97ad60000 - 0x00007ff97ad74000 	C:\Users\Ngn\.openjfx\cache\21+31\amd64\javafx_font.dll
0x00007ff97d4f0000 - 0x00007ff97d76f000 	C:\Windows\SYSTEM32\dwrite.dll
0x00007ff9900e0000 - 0x00007ff9900f8000 	C:\Windows\SYSTEM32\CRYPTSP.dll
0x00007ff98f7a0000 - 0x00007ff98f7d8000 	C:\Windows\system32\rsaenh.dll
0x00007ff990650000 - 0x00007ff99067e000 	C:\Windows\SYSTEM32\USERENV.dll
0x00007ff990100000 - 0x00007ff99010c000 	C:\Windows\SYSTEM32\CRYPTBASE.dll
0x00007ff98fb80000 - 0x00007ff98fbbb000 	C:\Windows\SYSTEM32\IPHLPAPI.DLL
0x00007ff992a70000 - 0x00007ff992a78000 	C:\Windows\System32\NSI.dll
0x00007ff98d0e0000 - 0x00007ff98d0f7000 	C:\Windows\SYSTEM32\dhcpcsvc6.DLL
0x00007ff98d040000 - 0x00007ff98d05d000 	C:\Windows\SYSTEM32\dhcpcsvc.DLL
0x00007ff98fc20000 - 0x00007ff98fcea000 	C:\Windows\SYSTEM32\DNSAPI.dll
0x00007ff926200000 - 0x00007ff9262e8000 	C:\Users\Ngn\AppData\Local\Temp\sqlite-3.40.0.0-37774bba-359b-4443-b675-cee8118408b4-sqlitejdbc.dll
0x00007ff9929c0000 - 0x00007ff992a69000 	C:\Windows\System32\clbcatq.dll
0x00007ff98d7c0000 - 0x00007ff98d976000 	C:\Windows\SYSTEM32\WindowsCodecs.dll

dbghelp: loaded successfully - version: 4.0.5 - missing functions: none
symbol engine: initialized successfully - sym options: 0x614 - pdb path: .;C:\Program Files\Eclipse Adoptium\jdk-17.0.17.10-hotspot\bin;C:\Windows\SYSTEM32;C:\Windows\WinSxS\amd64_microsoft.windows.common-controls_6595b64144ccf1df_6.0.19041.6456_none_60b8a6cb71f64256;C:\Program Files\Eclipse Adoptium\jdk-17.0.17.10-hotspot\bin\server;C:\Users\Ngn\.openjfx\cache\21+31\amd64;C:\Windows\System32\DriverStore\FileRepository\iigd_dch.inf_amd64_cc53041c629cfdec;C:\Users\Ngn\AppData\Local\Temp;C:\Program Files\Common Files\Microsoft Shared\Ink

VM Arguments:
jvm_args: --module-path=C:\Users\Ngn\.m2\repository\org\openjfx\javafx-base\21\javafx-base-21-win.jar;C:\Users\Ngn\.m2\repository\org\openjfx\javafx-base\21\javafx-base-21.jar;C:\Users\Ngn\.m2\repository\org\openjfx\javafx-controls\21\javafx-controls-21-win.jar;C:\Users\Ngn\.m2\repository\org\openjfx\javafx-controls\21\javafx-controls-21.jar;C:\Users\Ngn\.m2\repository\org\openjfx\javafx-fxml\21\javafx-fxml-21-win.jar;C:\Users\Ngn\.m2\repository\org\openjfx\javafx-fxml\21\javafx-fxml-21.jar;C:\Users\Ngn\.m2\repository\org\openjfx\javafx-graphics\21\javafx-graphics-21-win.jar;C:\Users\Ngn\.m2\repository\org\openjfx\javafx-graphics\21\javafx-graphics-21.jar;C:\Users\Ngn\.m2\repository\org\openjfx\javafx-media\21\javafx-media-21-win.jar;C:\Users\Ngn\.m2\repository\org\openjfx\javafx-media\21\javafx-media-21.jar;C:\Users\Ngn\.m2\repository\org\openjfx\javafx-swing\21\javafx-swing-21-win.jar;C:\Users\Ngn\.m2\repository\org\openjfx\javafx-swing\21\javafx-swing-21.jar;C:\Users\Ngn\.m2\repository\org\openjfx\javafx-web\21\javafx-web-21-win.jar;C:\Users\Ngn\.m2\repository\org\openjfx\javafx-web\21\javafx-web-21.jar --add-modules=javafx.base,javafx.controls,javafx.fxml,javafx.graphics,javafx.media,javafx.swing,javafx.web 
java_command: com.amitron.quoteapp.App
java_class_path (initial): L:\Development\QuoteApp\target\classes;C:\Users\Ngn\.m2\repository\com\itextpdf\commons\7.2.5\commons-7.2.5.jar;C:\Users\Ngn\.m2\repository\com\itextpdf\io\7.2.5\io-7.2.5.jar;C:\Users\Ngn\.m2\repository\com\itextpdf\kernel\7.2.5\kernel-7.2.5.jar;C:\Users\Ngn\.m2\repository\com\itextpdf\layout\7.2.5\layout-7.2.5.jar;C:\Users\Ngn\.m2\repository\org\bouncycastle\bcpkix-jdk15on\1.70\bcpkix-jdk15on-1.70.jar;C:\Users\Ngn\.m2\repository\org\bouncycastle\bcprov-jdk15on\1.70\bcprov-jdk15on-1.70.jar;C:\Users\Ngn\.m2\repository\org\bouncycastle\bcutil-jdk15on\1.70\bcutil-jdk15on-1.70.jar;C:\Users\Ngn\.m2\repository\org\json\json\20220320\json-20220320.jar;C:\Users\Ngn\.m2\repository\org\kordamp\ikonli\ikonli-core\12.3.1\ikonli-core-12.3.1.jar;C:\Users\Ngn\.m2\repository\org\kordamp\ikonli\ikonli-fontawesome5-pack\12.3.1\ikonli-fontawesome5-pack-12.3.1.jar;C:\Users\Ngn\.m2\repository\org\kordamp\ikonli\ikonli-javafx\12.3.1\ikonli-javafx-12.3.1.jar;C:\Users\Ngn\.m2\repository\org\slf4j\slf4j-api\1.7.36\slf4j-api-1.7.36.jar;C:\Users\Ngn\.m2\repository\org\xerial\sqlite-jdbc\3.40.0.0\sqlite-jdbc-3.40.0.0.jar
Launcher Type: SUN_STANDARD

[Global flags]
     intx CICompilerCount                          = 12                                        {product} {ergonomic}
     uint ConcGCThreads                            = 4                                         {product} {ergonomic}
     uint G1ConcRefinementThreads                  = 15                                        {product} {ergonomic}
   size_t G1HeapRegionSize                         = 4194304                                   {product} {ergonomic}
    uintx GCDrainStackTargetSize                   = 64                                        {product} {ergonomic}
   size_t InitialHeapSize                          = 532676608                                 {product} {ergonomic}
   size_t MarkStackSize                            = 4194304                                   {product} {ergonomic}
   size_t MaxHeapSize                              = 8510242816                                {product} {ergonomic}
   size_t MaxNewSize                               = 5104467968                                {product} {ergonomic}
   size_t MinHeapDeltaBytes                        = 4194304                                   {product} {ergonomic}
   size_t MinHeapSize                              = 8388608                                   {product} {ergonomic}
    uintx NonNMethodCodeHeapSize                   = 7602480                                {pd product} {ergonomic}
    uintx NonProfiledCodeHeapSize                  = 122027880                              {pd product} {ergonomic}
    uintx ProfiledCodeHeapSize                     = 122027880                              {pd product} {ergonomic}
    uintx ReservedCodeCacheSize                    = 251658240                              {pd product} {ergonomic}
     bool SegmentedCodeCache                       = true                                      {product} {ergonomic}
   size_t SoftMaxHeapSize                          = 8510242816                             {manageable} {ergonomic}
     bool UseCompressedClassPointers               = true                           {product lp64_product} {ergonomic}
     bool UseCompressedOops                        = true                           {product lp64_product} {ergonomic}
     bool UseG1GC                                  = true                                      {product} {ergonomic}
     bool UseLargePagesIndividualAllocation        = false                                  {pd product} {ergonomic}

Logging:
Log output configuration:
 #0: stdout all=warning uptime,level,tags
 #1: stderr all=off uptime,level,tags

Environment Variables:
JAVA_HOME=C:\Program Files\Eclipse Adoptium\jdk-17.0.17.10-hotspot
PATH=C:\Program Files\Eclipse Adoptium\jdk-17.0.17.10-hotspot\bin;C:\Windows\system32;C:\Windows;C:\Windows\System32\Wbem;C:\Windows\System32\WindowsPowerShell\v1.0\;C:\Windows\System32\OpenSSH\;C:\Program Files\dotnet\;C:\ProgramData\chocolatey\bin;C:\Program Files (x86)\Common Files\Easysoft\Shared\;C:\Program Files\Git\cmd;C:\Program Files\Apache\Maven\apache-maven-3.9.14\bin;C:\Users\Ngn\AppData\Local\Microsoft\WindowsApps;C:\Program Files\Apache\Maven\apache-maven-3.9.14;\bin;
USERNAME=Ngn
OS=Windows_NT
PROCESSOR_IDENTIFIER=Intel64 Family 6 Model 151 Stepping 2, GenuineIntel
TMP=C:\Users\Ngn\AppData\Local\Temp
TEMP=C:\Users\Ngn\AppData\Local\Temp



Periodic native trim disabled


---------------  S Y S T E M  ---------------

OS:
 Windows 10 , 64 bit Build 19041 (10.0.19041.5915)
OS uptime: 18 days 9:36 hours

CPU: total 20 (initial active 20) (10 cores per cpu, 2 threads per core) family 6 model 151 stepping 2 microcode 0x3a, cx8, cmov, fxsr, ht, mmx, 3dnowpref, sse, sse2, sse3, ssse3, sse4.1, sse4.2, popcnt, lzcnt, tsc, tscinvbit, avx, avx2, aes, erms, clmul, bmi1, bmi2, adx, sha, fma, vzeroupper, clflush, clflushopt, clwb
Processor Information for all 20 processors :
  Max Mhz: 2100, Current Mhz: 2100, Mhz Limit: 2100

Memory: 4k page, system-wide physical 32456M (6106M free)
TotalPageFile size 51730M (AvailPageFile size 7116M)
current process WorkingSet (physical memory assigned to process): 282M, peak: 295M
current process commit charge ("private bytes"): 812M, peak: 825M

vm_info: OpenJDK 64-Bit Server VM (17.0.17+10) for windows-amd64 JRE (17.0.17+10), built on Oct 21 2025 23:25:32 by "admin" with unknown MS VC++:1942

END.
